
Running 203 tests using 4 workers

  ok   4 [chromium] › tests\e2e\axe.spec.ts:64:7 › axe at desktop › /en has no violations (10.3s)
  ok   2 [chromium] › tests\e2e\axe.spec.ts:64:7 › axe at desktop › /zh-hans has no violations (10.9s)
  ok   3 [chromium] › tests\e2e\axe.spec.ts:64:7 › axe at desktop › /en/platform has no violations (11.2s)
  ok   1 [chromium] › tests\e2e\axe.spec.ts:64:7 › axe at desktop › /zh-hant has no violations (11.7s)
  ok   5 [chromium] › tests\e2e\axe.spec.ts:64:7 › axe at desktop › /en/services has no violations (7.5s)
  ok   7 [chromium] › tests\e2e\axe.spec.ts:64:7 › axe at desktop › /en/industries has no violations (7.6s)
  ok   8 [chromium] › tests\e2e\axe.spec.ts:64:7 › axe at desktop › /en/case-studies/real-estate-sales-follow-up has no violations (7.4s)
  ok   6 [chromium] › tests\e2e\axe.spec.ts:64:7 › axe at desktop › /en/solutions/content-production has no violations (8.3s)
  ok   9 [chromium] › tests\e2e\axe.spec.ts:64:7 › axe at desktop › /en/contact has no violations (6.0s)
  ok  11 [chromium] › tests\e2e\axe.spec.ts:64:7 › axe at desktop › /en/about/team has no violations (6.0s)
  ok  12 [chromium] › tests\e2e\axe.spec.ts:64:7 › axe at desktop › /en/nonexistent has no violations (6.4s)
  ok  10 [chromium] › tests\e2e\axe.spec.ts:64:7 › axe at desktop › /en/knowledge-hub/4-types-of-crm-system has no violations (7.1s)
  ok  13 [chromium] › tests\e2e\axe.spec.ts:64:7 › axe at desktop › /zh-hant/platform/nope has no violations (5.9s)
  ok  14 [chromium] › tests\e2e\axe.spec.ts:64:7 › axe at desktop › /en/resources/videos has no violations (6.1s)
  ok  15 [chromium] › tests\e2e\axe.spec.ts:64:7 › axe at desktop › /zh-hant/contact has no violations (6.6s)
  ok  16 [chromium] › tests\e2e\axe.spec.ts:64:7 › axe at desktop › /en/case-studies has no violations (7.2s)
  ok  17 [chromium] › tests\e2e\axe.spec.ts:64:7 › axe at desktop › /en/resources has no violations (6.7s)
  ok  18 [chromium] › tests\e2e\axe.spec.ts:64:7 › axe at desktop › /en/fimmick-ecosystem has no violations (6.5s)
  ok  19 [chromium] › tests\e2e\axe.spec.ts:64:7 › axe at desktop › /zh-hant/services/digitalmarketing has no violations (6.9s)
  ok  20 [chromium] › tests\e2e\axe.spec.ts:64:7 › axe at desktop › /en/products has no violations (6.5s)
  ok  21 [chromium] › tests\e2e\axe.spec.ts:64:7 › axe at desktop › /en/functions has no violations (6.4s)
  ok  22 [chromium] › tests\e2e\axe.spec.ts:64:7 › axe at desktop › /zh-hant/services has no violations (7.1s)
  ok  23 [chromium] › tests\e2e\axe.spec.ts:64:7 › axe at desktop › /zh-hant/knowledge-hub/category/Content%20Marketing has no violations (6.6s)
  ok  24 [chromium] › tests\e2e\axe.spec.ts:64:7 › axe at desktop › /zh-hant/knowledge-hub/creative-video-questions has no violations (6.1s)
  ok  25 [chromium] › tests\e2e\axe.spec.ts:64:7 › axe at desktop › /en/knowledge-hub has no violations (6.1s)
  ok  26 [chromium] › tests\e2e\axe.spec.ts:64:7 › axe at desktop › /en/knowledge-hub/page/2 has no violations (6.5s)
  ok  27 [chromium] › tests\e2e\axe.spec.ts:64:7 › axe at desktop › /en/resources?format=guide&q=AI has no violations (6.2s)
  ok  28 [chromium] › tests\e2e\axe.spec.ts:64:7 › axe at mobile › /en has no violations (9.9s)
  ok  29 [chromium] › tests\e2e\axe.spec.ts:64:7 › axe at mobile › /zh-hant has no violations (10.6s)
  ok  31 [chromium] › tests\e2e\axe.spec.ts:64:7 › axe at mobile › /en/platform has no violations (9.2s)
  ok  30 [chromium] › tests\e2e\axe.spec.ts:64:7 › axe at mobile › /zh-hans has no violations (10.9s)
  ok  32 [chromium] › tests\e2e\axe.spec.ts:64:7 › axe at mobile › /en/services has no violations (7.5s)
  ok  33 [chromium] › tests\e2e\axe.spec.ts:64:7 › axe at mobile › /en/solutions/content-production has no violations (8.3s)
  ok  35 [chromium] › tests\e2e\axe.spec.ts:64:7 › axe at mobile › /en/case-studies/real-estate-sales-follow-up has no violations (6.6s)
  ok  34 [chromium] › tests\e2e\axe.spec.ts:64:7 › axe at mobile › /en/industries has no violations (7.4s)
  ok  36 [chromium] › tests\e2e\axe.spec.ts:64:7 › axe at mobile › /en/contact has no violations (6.1s)
  ok  39 [chromium] › tests\e2e\axe.spec.ts:64:7 › axe at mobile › /en/nonexistent has no violations (5.1s)
  ok  38 [chromium] › tests\e2e\axe.spec.ts:64:7 › axe at mobile › /en/about/team has no violations (5.4s)
  ok  40 [chromium] › tests\e2e\axe.spec.ts:64:7 › axe at mobile › /zh-hant/platform/nope has no violations (5.6s)
  ok  37 [chromium] › tests\e2e\axe.spec.ts:64:7 › axe at mobile › /en/knowledge-hub/4-types-of-crm-system has no violations (7.0s)
  ok  41 [chromium] › tests\e2e\axe.spec.ts:64:7 › axe at mobile › /en/resources/videos has no violations (5.3s)
  ok  42 [chromium] › tests\e2e\axe.spec.ts:64:7 › axe at mobile › /zh-hant/contact has no violations (5.7s)
  ok  44 [chromium] › tests\e2e\axe.spec.ts:64:7 › axe at mobile › /en/resources has no violations (5.9s)
  ok  43 [chromium] › tests\e2e\axe.spec.ts:64:7 › axe at mobile › /en/case-studies has no violations (6.7s)
  ok  45 [chromium] › tests\e2e\axe.spec.ts:64:7 › axe at mobile › /en/fimmick-ecosystem has no violations (6.3s)
  ok  46 [chromium] › tests\e2e\axe.spec.ts:64:7 › axe at mobile › /zh-hant/services/digitalmarketing has no violations (6.2s)
  ok  47 [chromium] › tests\e2e\axe.spec.ts:64:7 › axe at mobile › /en/products has no violations (5.9s)
  ok  48 [chromium] › tests\e2e\axe.spec.ts:64:7 › axe at mobile › /en/functions has no violations (6.2s)
  ok  49 [chromium] › tests\e2e\axe.spec.ts:64:7 › axe at mobile › /zh-hant/services has no violations (6.5s)
  ok  51 [chromium] › tests\e2e\axe.spec.ts:64:7 › axe at mobile › /zh-hant/knowledge-hub/creative-video-questions has no violations (5.5s)
  ok  50 [chromium] › tests\e2e\axe.spec.ts:64:7 › axe at mobile › /zh-hant/knowledge-hub/category/Content%20Marketing has no violations (7.2s)
  ok  52 [chromium] › tests\e2e\axe.spec.ts:64:7 › axe at mobile › /en/knowledge-hub has no violations (6.2s)
  ok  55 [chromium] › tests\e2e\copy.spec.ts:5:1 › inner-page headlines carry the editorial accent (1.1s)
  ok  56 [chromium] › tests\e2e\copy.spec.ts:15:1 › the hero states the idea, and its Chinese accent uses emphasis marks (1.5s)
  ok  58 [chromium] › tests\e2e\copy.spec.ts:53:1 › the homepage carries one sample notice; 'Illustrative' and 'people decide' stay rare (856ms)
  ok  59 [chromium] › tests\e2e\copy.spec.ts:74:1 › case pages read job, what changed, who decided, now offered as (528ms)
  ok  57 [chromium] › tests\e2e\copy.spec.ts:45:1 › Chinese hero text never breaks inside a word at 390 px (決定, 批准) (2.6s)
  ok  61 [chromium] › tests\e2e\craft.spec.ts:34:5 › 1.1 locale 404 › /zh-hant/platform/nope renders the localised 404 inside the site shell (774ms)
  ok  60 [chromium] › tests\e2e\copy.spec.ts:90:1 › detail-page heroes say each thing once (headline and lead appear once in main) (1.1s)
  ok  62 [chromium] › tests\e2e\craft.spec.ts:34:5 › 1.1 locale 404 › /zh-hant/knowledge-hub/nope renders the localised 404 inside the site shell (767ms)
  ok  54 [chromium] › tests\e2e\axe.spec.ts:64:7 › axe at mobile › /en/resources?format=guide&q=AI has no violations (6.3s)
  ok  63 [chromium] › tests\e2e\craft.spec.ts:34:5 › 1.1 locale 404 › /zh-hans/nope renders the localised 404 inside the site shell (602ms)
  ok  53 [chromium] › tests\e2e\axe.spec.ts:64:7 › axe at mobile › /en/knowledge-hub/page/2 has no violations (7.0s)
  ok  64 [chromium] › tests\e2e\craft.spec.ts:34:5 › 1.1 locale 404 › /en/nope renders the localised 404 inside the site shell (545ms)
  ok  67 [chromium] › tests\e2e\craft.spec.ts:54:3 › 1.1 locale 404 › a URL outside every locale still gets the global 404 (61ms)
  ok  65 [chromium] › tests\e2e\craft.spec.ts:34:5 › 1.1 locale 404 › /en/services/not-a-service renders the localised 404 inside the site shell (533ms)
  ok  66 [chromium] › tests\e2e\craft.spec.ts:47:3 › 1.1 locale 404 › the 404 title is localised (875ms)
  ok  69 [chromium] › tests\e2e\craft.spec.ts:93:3 › 1.2 navigation from 1024 px; drawer as a sheet › below 1024 px the menu button shows (871ms)
  ok  70 [chromium] › tests\e2e\craft.spec.ts:100:3 › 1.2 navigation from 1024 px; drawer as a sheet › on tablets the drawer is a right-hand sheet over a scrim that closes it (1.9s)
  ok  71 [chromium] › tests\e2e\craft.spec.ts:118:3 › 1.2 navigation from 1024 px; drawer as a sheet › on phones the drawer stays full-screen (2.2s)
  ok  68 [chromium] › tests\e2e\craft.spec.ts:64:3 › 1.2 navigation from 1024 px; drawer as a sheet › primary navigation shows from 1024 px and fits on one line with the CTA (3.0s)
  ok  74 [chromium] › tests\e2e\craft.spec.ts:151:5 › 1.3 lazily rendered bands keep a stable document height › /en at 1440px drifts at most 150px on the first scroll (6.6s)
  ok  75 [chromium] › tests\e2e\craft.spec.ts:151:5 › 1.3 lazily rendered bands keep a stable document height › /zh-hant at 1440px drifts at most 150px on the first scroll (6.7s)
  ok  72 [chromium] › tests\e2e\craft.spec.ts:151:5 › 1.3 lazily rendered bands keep a stable document height › /en at 390px drifts at most 400px on the first scroll (9.2s)
  ok  73 [chromium] › tests\e2e\craft.spec.ts:151:5 › 1.3 lazily rendered bands keep a stable document height › /zh-hant at 390px drifts at most 400px on the first scroll (9.4s)
  ok  77 [chromium] › tests\e2e\craft.spec.ts:151:5 › 1.3 lazily rendered bands keep a stable document height › /en/platform at 1440px drifts at most 0px on the first scroll (3.6s)
  ok  78 [chromium] › tests\e2e\craft.spec.ts:151:5 › 1.3 lazily rendered bands keep a stable document height › /en/services at 390px drifts at most 0px on the first scroll (4.2s)
  ok  79 [chromium] › tests\e2e\craft.spec.ts:151:5 › 1.3 lazily rendered bands keep a stable document height › /en/services at 1440px drifts at most 0px on the first scroll (2.8s)
  ok  76 [chromium] › tests\e2e\craft.spec.ts:151:5 › 1.3 lazily rendered bands keep a stable document height › /en/platform at 390px drifts at most 0px on the first scroll (6.3s)
  ok  81 [chromium] › tests\e2e\craft.spec.ts:174:3 › 1.4 focus and contrast › keyboard focus stays visible in forced-colours mode (1.3s)
  ok  80 [chromium] › tests\e2e\craft.spec.ts:159:3 › 1.4 focus and contrast › the utility row comes back into view when it takes keyboard focus (2.8s)
  ok  83 [chromium] › tests\e2e\craft.spec.ts:203:3 › 1.4 focus and contrast › form-field borders and the industry-matrix dash reach 3:1 (990ms)
  ok  82 [chromium] › tests\e2e\craft.spec.ts:191:3 › 1.4 focus and contrast › hovering an output tile keeps its keyboard focus ring (3.5s)
  ok  86 [chromium] › tests\e2e\craft.spec.ts:252:3 › 1.5 drawer and route-change coordination › resizing past the breakpoint closes the drawer and unlocks the page (1.3s)
  ok  84 [chromium] › tests\e2e\craft.spec.ts:221:3 › 1.4 touch targets › footer legal links and the small ghost button are 44 px tall on touch (2.2s)
  ok  87 [chromium] › tests\e2e\craft.spec.ts:263:3 › 1.5 drawer and route-change coordination › the in-drawer close button is never hidden by the desktop rule (931ms)
  ok  85 [chromium] › tests\e2e\craft.spec.ts:232:3 › 1.5 drawer and route-change coordination › the drawer opens at full height after the header has moved (2.7s)
  ok  88 [chromium] › tests\e2e\craft.spec.ts:269:3 › 1.5 drawer and route-change coordination › after a route change the header is in place from the first frame (2.5s)
  ok  89 [chromium] › tests\e2e\craft.spec.ts:293:5 › 1.6 small visible breaks › hero photo badge is not covered by the sample card at 390px (2.7s)
  ok  90 [chromium] › tests\e2e\craft.spec.ts:293:5 › 1.6 small visible breaks › hero photo badge is not covered by the sample card at 320px (2.7s)
  ok  94 [chromium] › tests\e2e\craft.spec.ts:348:3 › 1.6 small visible breaks › the scroll cue drops twice, then rests (1.7s)
  ok  91 [chromium] › tests\e2e\craft.spec.ts:312:5 › 1.6 small visible breaks › the dark-chapter marquee rests on a whole, centred phrase (/en at 1440px) (4.2s)
  ok  92 [chromium] › tests\e2e\craft.spec.ts:312:5 › 1.6 small visible breaks › the dark-chapter marquee rests on a whole, centred phrase (/en at 390px) (3.0s)
  ok  96 [chromium] › tests\e2e\craft.spec.ts:370:3 › 1.6 small visible breaks › the poster offers a 640 w candidate (728ms)
  ok  97 [chromium] › tests\e2e\craft.spec.ts:377:3 › 1.7 icons, titles, archive banner, leadership › the full icon set and a manifest are served (587ms)
  ok  93 [chromium] › tests\e2e\craft.spec.ts:312:5 › 1.6 small visible breaks › the dark-chapter marquee rests on a whole, centred phrase (/zh-hant at 1440px) (3.7s)
  ok  98 [chromium] › tests\e2e\craft.spec.ts:392:3 › 1.7 icons, titles, archive banner, leadership › article titles show a decoded ampersand (718ms)
  ok 101 [chromium] › tests\e2e\enquiry.spec.ts:20:3 › 2.2 without JavaScript › details never reach the URL, and the email route is offered (490ms)
  ok  99 [chromium] › tests\e2e\craft.spec.ts:400:3 › 1.7 icons, titles, archive banner, leadership › the archive banner marks only pre-relaunch articles (1.4s)
  ok 100 [chromium] › tests\e2e\craft.spec.ts:407:3 › 1.7 icons, titles, archive banner, leadership › the leadership page has no pending-approval note and shows a context photograph (1.2s)
  ok 103 [chromium] › tests\e2e\enquiry.spec.ts:53:3 › 2.2 validation and status › a work description over the limit is reported on that field (1.5s)
  ok  95 [chromium] › tests\e2e\craft.spec.ts:355:3 › 1.6 small visible breaks › the explainer falls back to WebM when the MP4 source fails (4.4s)
  ok 104 [chromium] › tests\e2e\enquiry.spec.ts:65:3 › 2.2 validation and status › success moves focus to the confirmation and is announced by a region that was already there (2.1s)
  ok 102 [chromium] › tests\e2e\enquiry.spec.ts:40:3 › 2.2 validation and status › an invalid field inside the collapsed details opens them and takes focus (2.4s)
  ok 107 [chromium] › tests\e2e\enquiry.spec.ts:107:3 › 2.2 context and email handoff › the context chip's remove button is a 44 px target (647ms)
  ok 106 [chromium] › tests\e2e\enquiry.spec.ts:95:3 › 2.2 validation and status › offline is reported as a failed send, not as a timeout (2.1s)
  ok 108 [chromium] › tests\e2e\enquiry.spec.ts:115:3 › 2.2 context and email handoff › a long prepared email offers Copy before the email-app link (2.3s)
  ok 105 [chromium] › tests\e2e\enquiry.spec.ts:76:3 › 2.2 validation and status › a retry reuses the request key; an edit after a timeout makes a new one (3.5s)
  ok 111 [chromium] › tests\e2e\hubs.spec.ts:15:3 › /en/products: editorial rows, no card grid, the row link is named by its headline (1.3s)
  ok 112 [chromium] › tests\e2e\hubs.spec.ts:15:3 › /en/functions: editorial rows, no card grid, the row link is named by its headline (1.2s)
  ok 110 [chromium] › tests\e2e\hubs.spec.ts:15:3 › /en/services: editorial rows, no card grid, the row link is named by its headline (2.1s)
  ok 114 [chromium] › tests\e2e\hubs.spec.ts:31:1 › products and functions name what the link opens (699ms)
  ok 113 [chromium] › tests\e2e\hubs.spec.ts:15:3 › /en/platform: editorial rows, no card grid, the row link is named by its headline (1.7s)
  ok 109 [chromium] › tests\e2e\enquiry.spec.ts:125:3 › 2.2 context and email handoff › Copy confirms, then resets; a refused clipboard selects the text instead (4.8s)
  ok 115 [chromium] › tests\e2e\hubs.spec.ts:38:1 › the services filter works in place: no server round trip, URL kept in step (2.1s)
  ok 118 [chromium] › tests\e2e\i18n.spec.ts:39:1 › Simplified pages use the mainland words (830ms)
  ok 116 [chromium] › tests\e2e\i18n.spec.ts:16:1 › the homepage's Chinese samples are tagged and labelled for the page's script (1.6s)
  ok 120 [chromium] › tests\e2e\perf.spec.ts:37:5 › 8.2.1 static hubs › /en/services is prerendered and served from the cache (53ms)
  ok 121 [chromium] › tests\e2e\perf.spec.ts:37:5 › 8.2.1 static hubs › /en/resources is prerendered and served from the cache (43ms)
  ok 117 [chromium] › tests\e2e\i18n.spec.ts:30:1 › the explainer defaults to the page's own caption track (1.2s)
  ok 122 [chromium] › tests\e2e\perf.spec.ts:37:5 › 8.2.1 static hubs › /en/case-studies is prerendered and served from the cache (36ms)
  ok 123 [chromium] › tests\e2e\perf.spec.ts:37:5 › 8.2.1 static hubs › /en/knowledge-hub is prerendered and served from the cache (37ms)
  ok 126 [chromium] › tests\e2e\perf.spec.ts:37:5 › 8.2.1 static hubs › /en/contact is prerendered and served from the cache (87ms)
  ok 124 [chromium] › tests\e2e\perf.spec.ts:46:3 › 8.2.1 static hubs › knowledge-hub pages are static paths with self-canonicals; old ?page= links move there in one hop (896ms)
  ok 127 [chromium] › tests\e2e\perf.spec.ts:87:3 › 8.2.1 static hubs › case-study filters run in the browser (803ms)
  ok 125 [chromium] › tests\e2e\perf.spec.ts:65:3 › 8.2.1 static hubs › resource filters, search and paging run in the browser and keep the URL in step (1.4s)
  ok 119 [chromium] › tests\e2e\i18n.spec.ts:47:1 › Simplified listings mark the Traditional originals they show (1.6s)
  ok 128 [chromium] › tests\e2e\perf.spec.ts:96:3 › 8.2.1 static hubs › contact reads ?intent and the page context in the browser (541ms)
  ok 132 [chromium] › tests\e2e\perf.spec.ts:132:1 › 8.2.3 /en/services loads at most 50 KB of CSS; the home route still gets the cinematic sheet (950ms)
  ok 131 [chromium] › tests\e2e\perf.spec.ts:153:1 › 8.2.4 fonts are self-hosted; the serif is preloaded on the home route only (2.5s)
  ok 130 [chromium] › tests\e2e\perf.spec.ts:118:1 › 8.2.2 the header logo does not prefetch the page it is on; nav links prefetch on intent (3.1s)
  ok 133 [chromium] › tests\e2e\perf.spec.ts:181:1 › 8.2.5 the header logo is at most 248 px wide (3.2s)
  ok 135 [chromium] › tests\e2e\perf.spec.ts:215:3 › 8.2.7 smaller items › no transition animates box-shadow (3.2s)
  ok 136 [chromium] › tests\e2e\perf.spec.ts:223:3 › 8.2.7 smaller items › the signature progress bar scales instead of animating width (2.0s)
  ok 134 [chromium] › tests\e2e\perf.spec.ts:190:1 › 8.2.6 Chinese pages name CJK families first (4.8s)
  ok 138 [chromium] › tests\e2e\perf.spec.ts:252:3 › 8.2.7 smaller items › the header is a solid fill, not a backdrop blur (1.2s)
  ok 137 [chromium] › tests\e2e\perf.spec.ts:233:3 › 8.2.7 smaller items › with reduced motion nothing animates or transitions (1.5s)
  ok 139 [chromium] › tests\e2e\perf.spec.ts:259:3 › 8.2.7 smaller items › print hides the site chrome (728ms)
  ok 140 [chromium] › tests\e2e\photo.spec.ts:5:1 › the homepage keeps the pill for the hero only and says 'Illustrative' at most three times (881ms)
  ok 141 [chromium] › tests\e2e\photo.spec.ts:15:1 › every photograph keeps its provenance in the title (853ms)
  ok 144 [chromium] › tests\e2e\photo.spec.ts:49:1 › brand files are cached for a day, photographs for a year (114ms)
  ok 145 [chromium] › tests\e2e\seo.spec.ts:15:3 › 8.1.1 Chinese articles › an article written in Chinese moves from /en to /zh-hant with a 308, in one hop from the old prefix-less URL (47ms)
  -  143 [chromium] › tests\e2e\photo.spec.ts:33:1 › at 1440 and DPR 2 the page hero is sharp when a 2560 master exists
  ok 147 [chromium] › tests\e2e\seo.spec.ts:34:1 › English listings link no Chinese article (47ms)
  ok 148 [chromium] › tests\e2e\seo.spec.ts:42:3 › 8.1.3 structured data › the site graph has a WebSite node and an Organization with an @id (48ms)
  ok 149 [chromium] › tests\e2e\seo.spec.ts:48:3 › 8.1.3 structured data › pages with breadcrumbs carry a BreadcrumbList that matches them (94ms)
  ok 150 [chromium] › tests\e2e\seo.spec.ts:56:3 › 8.1.3 structured data › articles: image, ISO dates in Hong Kong time, canonical mainEntityOfPage (30ms)
  ok 142 [chromium] › tests\e2e\photo.spec.ts:21:1 › page heroes use the wide crop from 800 px; the closing photo uses the portrait crop on phones (1.3s)
  ok 151 [chromium] › tests\e2e\seo.spec.ts:63:3 › 8.1.3 structured data › events: status, end date, and a virtual location for webinars (162ms)
  ok 152 [chromium] › tests\e2e\seo.spec.ts:75:3 › 8.1.3 structured data › the explainer has a server-rendered <video> for its VideoObject (62ms)
  ok 146 [chromium] › tests\e2e\seo.spec.ts:24:3 › 8.1.1 Chinese articles › its zh-hant page is a real page: Chinese lang, its own canonical, no 'shown in English' note (710ms)
  ok 154 [chromium] › tests\e2e\seo.spec.ts:97:3 › 8.1.4–5 routes › the two retired case studies are gone (410) (47ms)
  ok 153 [chromium] › tests\e2e\seo.spec.ts:83:3 › 8.1.4–5 routes › old links reach their page in one hop (124ms)
  ok 156 [chromium] › tests\e2e\seo.spec.ts:111:3 › 8.1.6 events in Chinese › the Chinese events hub does not list the English-only events (658ms)
  ok 155 [chromium] › tests\e2e\seo.spec.ts:103:3 › 8.1.4–5 routes › an unknown knowledge-hub category is a 404; a known one has a localised title (736ms)
  ok 158 [chromium] › tests\e2e\shell.spec.ts:21:3 › 4.1 footer › four columns of two groups at 1440, lists aligned (745ms)
  ok 159 [chromium] › tests\e2e\shell.spec.ts:30:3 › 4.1 footer › one column of groups at 390 (703ms)
  ok 160 [chromium] › tests\e2e\shell.spec.ts:37:3 › 4.1 footer › social links are labelled 44 px icons (943ms)
  ok 162 [chromium] › tests\e2e\shell.spec.ts:80:3 › 4.2 mega menu › opens on hover intent and closes after the pointer leaves (1.6s)
  ok 157 [chromium] › tests\e2e\seo.spec.ts:118:3 › 8.1.2 titles and descriptions › English titles fit in 65 characters and are unique; descriptions are 70–160 (4.4s)
  ok 163 [chromium] › tests\e2e\shell.spec.ts:91:3 › 4.2 mega menu › an open panel has a scrim and its featured card uses the right-hand column (1.1s)
  ok 161 [chromium] › tests\e2e\shell.spec.ts:49:3 › 4.1 footer › footer links do not prefetch (4.0s)
  ok 164 [chromium] › tests\e2e\shell.spec.ts:105:3 › 4.2 mega menu › Tab out of the nav closes the panel (1.3s)
  ok 167 [chromium] › tests\e2e\shell.spec.ts:144:3 › 4.3 contact › an office without an address has no empty line (1.1s)
  ok 165 [chromium] › tests\e2e\shell.spec.ts:117:3 › 4.2 mega menu › a link to the current page closes the panel (2.0s)
  ok 166 [chromium] › tests\e2e\shell.spec.ts:128:3 › 4.3 contact › the disclosure has the FAQ indicator and the prepared email is a card in the body face (2.3s)
  ok 169 [chromium] › tests\e2e\shell.spec.ts:164:5 › 4.4 share images › /zh-hant/case-studies/omni-channel-retail-intelligence/opengraph-image is a 1200×630 PNG (929ms)
  ok 168 [chromium] › tests\e2e\shell.spec.ts:164:5 › 4.4 share images › /en/opengraph-image is a 1200×630 PNG (1.2s)
  ok 171 [chromium] › tests\e2e\shell.spec.ts:179:3 › 4.4 share images › Open Graph names the alternate locales (932ms)
  ok 170 [chromium] › tests\e2e\shell.spec.ts:172:3 › 4.4 share images › an article shares its own image; other pages keep the fallback (1.3s)
  ok 172 [chromium] › tests\e2e\shell.spec.ts:186:3 › 4.5 hero at 1920 › the headline sits on at most two lines in a copy column at least 640 px wide (2.5s)
  ok 173 [chromium] › tests\e2e\signature.spec.ts:20:1 › keyboard: a fact chip lights the words it supplied; Approve toggles the stamp and the export step (1.9s)
  ok 175 [chromium] › tests\e2e\signature.spec.ts:59:1 › without JavaScript the card shows the finished state (263ms)
  ok 174 [chromium] › tests\e2e\signature.spec.ts:45:1 › arrow keys move between fact chips; hover lights the words too (2.6s)
  ok 176 [chromium] › tests\e2e\signature.spec.ts:67:1 › reduced motion: the underline and the stamp appear without animation (811ms)
  ok 178 [chromium] › tests\e2e\signature.spec.ts:86:1 › on phones the whole card shows: nothing is clipped by the hero (1.1s)
  ok 177 [chromium] › tests\e2e\signature.spec.ts:74:1 › the card's island is at most 6 KB gzipped (2.1s)
  ok 181 [chromium] › tests\e2e\site.spec.ts:49:3 › routes, redirects and indexing › unknown URLs are genuine 404s (206ms)
  ok 180 [chromium] › tests\e2e\site.spec.ts:28:3 › routes, redirects and indexing › legacy URLs redirect to meaningful destinations without chains (563ms)
  ok 182 [chromium] › tests\e2e\site.spec.ts:55:3 › routes, redirects and indexing › review build blocks crawlers; sitemap lists canonical pages (30ms)
  ok 183 [chromium] › tests\e2e\site.spec.ts:65:3 › routes, redirects and indexing › Simplified Chinese pages render converted copy with a zh-Hans hreflang (48ms)
  ok 179 [chromium] › tests\e2e\site.spec.ts:16:3 › routes, redirects and indexing › key pages render with the right language and canonical (1.7s)
  ok 129 [chromium] › tests\e2e\perf.spec.ts:103:1 › 8.2.2 a full scroll of /en prefetches at most 120 KB of RSC (gzip) (25.8s)
  ok 186 [chromium] › tests\e2e\site.spec.ts:82:3 › no horizontal overflow at 768px (3.5s)
  ok 184 [chromium] › tests\e2e\site.spec.ts:82:3 › no horizontal overflow at 360px (3.5s)
  ok 185 [chromium] › tests\e2e\site.spec.ts:82:3 › no horizontal overflow at 390px (3.6s)
  ok 190 [chromium] › tests\e2e\site.spec.ts:104:3 › navigation › all eight pillars are reachable in the mobile drawer (3.9s)
  ok 189 [chromium] › tests\e2e\site.spec.ts:91:3 › navigation › desktop menu opens by keyboard, Escape closes and returns focus (4.0s)
  ok 187 [chromium] › tests\e2e\site.spec.ts:82:3 › no horizontal overflow at 1024px (5.8s)
  ok 188 [chromium] › tests\e2e\site.spec.ts:82:3 › no horizontal overflow at 1440px (4.8s)
  ok 192 [chromium] › tests\e2e\site.spec.ts:148:3 › interactive examples › follow-up example keeps human-only enquiries away from drafts (1.4s)
  ok 193 [chromium] › tests\e2e\site.spec.ts:156:3 › interactive examples › website example holds records with missing required fields (1.3s)
  ok 195 [chromium] › tests\e2e\site.spec.ts:184:3 › enquiry journey › API rejects invalid input and never reports acceptance without a delivery backend (166ms)
  ok 194 [chromium] › tests\e2e\site.spec.ts:166:3 › enquiry journey › context is preserved, validation works, and no false success without a backend (2.0s)
  ok 191 [chromium] › tests\e2e\site.spec.ts:120:3 › interactive examples › content example: edits invalidate review, export needs review, reset restores (3.1s)
  ok 196 [chromium] › tests\e2e\site.spec.ts:196:3 › locale continuity and media › language switch keeps the equivalent page and safe context only (1.4s)
  ok 197 [chromium] › tests\e2e\site.spec.ts:205:3 › locale continuity and media › no video bytes before intent; captions attached after play (1.7s)
  ok 199 [chromium] › tests\e2e\site.spec.ts:232:3 › locale continuity and media › reduced motion keeps all content visible (2.5s)
  ok 201 [chromium] › tests\e2e\site.spec.ts:256:3 › locale continuity and media › signature workflow: plays once when visible, pauses, steps by keyboard and shows all four (3.1s)
  ok 202 [chromium] › tests\e2e\site.spec.ts:277:3 › locale continuity and media › award styles win the cascade in the production bundle (1.4s)
  ok 200 [chromium] › tests\e2e\site.spec.ts:245:3 › locale continuity and media › homepage hero shows a sample output with its four-step record and a person approving (3.9s)
  ok 203 [chromium] › tests\e2e\site.spec.ts:293:3 › locale continuity and media › photographs are labelled as illustrative and described (2.5s)
  ok 198 [chromium] › tests\e2e\site.spec.ts:219:3 › locale continuity and media › key pages produce no console errors (6.6s)

  1 skipped
  202 passed (3.0m)
