// Vitest Snapshot v1, https://vitest.dev/guide/snapshot.html

exports[`site footer links > en: same hrefs as before the regrouping 1`] = `
[
  "/en/about",
  "/en/about/asia-delivery",
  "/en/about/how-we-work",
  "/en/about/our-story",
  "/en/about/team",
  "/en/about/why-fimmick",
  "/en/ai-transformation",
  "/en/ai-transformation/ai-readiness-maturity",
  "/en/ai-transformation/governance-adoption",
  "/en/ai-transformation/strategy-roadmap",
  "/en/ai-transformation/workflow-agent-design",
  "/en/case-studies",
  "/en/case-studies/fimmick-ai-native-operating-model",
  "/en/case-studies?kind=client-work",
  "/en/cases-and-demos",
  "/en/contact",
  "/en/contact?intent=demo",
  "/en/cookies",
  "/en/events",
  "/en/fimmick-ecosystem",
  "/en/fimmick-ecosystem/50-add-oil",
  "/en/fimmick-ecosystem/adfocate",
  "/en/fimmick-ecosystem/aip",
  "/en/fimmick-ecosystem/kinnso",
  "/en/fimmick-ecosystem/kocmax",
  "/en/how-to-start",
  "/en/industries",
  "/en/industries/beauty-luxury",
  "/en/industries/financial-services",
  "/en/industries/food-beverage",
  "/en/industries/hospitality-travel",
  "/en/industries/retail-ecommerce",
  "/en/insights",
  "/en/knowledge-hub",
  "/en/platform",
  "/en/privacy",
  "/en/products/social-listening",
  "/en/resources",
  "/en/resources/guides",
  "/en/resources/videos",
  "/en/services",
  "/en/services/content-creative",
  "/en/services/crm-sales",
  "/en/services/digitalmarketing",
  "/en/services/ecommerce-growth",
  "/en/services/koc-community",
  "/en/services/seo-aeo",
  "/en/solutions/content-production",
  "/en/solutions/customer-engagement",
  "/en/solutions/market-intelligence",
  "/en/solutions/website-operations",
  "/en/terms",
  "/en/workshop",
  "https://aip.fimmick.com/",
  "https://www.facebook.com/fimmick",
  "https://www.instagram.com/fimmick/",
  "https://www.linkedin.com/company/fimmick/",
  "https://www.youtube.com/@fimmick",
  "mailto:business@fimmick.com",
  "mailto:business@fimmick.com",
  "tel:+85236225388",
]
`;

exports[`site footer links > zh-hans: same hrefs as before the regrouping 1`] = `
[
  "/zh-hans/about",
  "/zh-hans/about/asia-delivery",
  "/zh-hans/about/how-we-work",
  "/zh-hans/about/our-story",
  "/zh-hans/about/team",
  "/zh-hans/about/why-fimmick",
  "/zh-hans/ai-transformation",
  "/zh-hans/ai-transformation/ai-readiness-maturity",
  "/zh-hans/ai-transformation/governance-adoption",
  "/zh-hans/ai-transformation/strategy-roadmap",
  "/zh-hans/ai-transformation/workflow-agent-design",
  "/zh-hans/case-studies",
  "/zh-hans/case-studies/fimmick-ai-native-operating-model",
  "/zh-hans/case-studies?kind=client-work",
  "/zh-hans/cases-and-demos",
  "/zh-hans/contact",
  "/zh-hans/contact?intent=demo",
  "/zh-hans/cookies",
  "/zh-hans/events",
  "/zh-hans/fimmick-ecosystem",
  "/zh-hans/fimmick-ecosystem/50-add-oil",
  "/zh-hans/fimmick-ecosystem/adfocate",
  "/zh-hans/fimmick-ecosystem/aip",
  "/zh-hans/fimmick-ecosystem/kinnso",
  "/zh-hans/fimmick-ecosystem/kocmax",
  "/zh-hans/how-to-start",
  "/zh-hans/industries",
  "/zh-hans/industries/beauty-luxury",
  "/zh-hans/industries/financial-services",
  "/zh-hans/industries/food-beverage",
  "/zh-hans/industries/hospitality-travel",
  "/zh-hans/industries/retail-ecommerce",
  "/zh-hans/insights",
  "/zh-hans/knowledge-hub",
  "/zh-hans/platform",
  "/zh-hans/privacy",
  "/zh-hans/products/social-listening",
  "/zh-hans/resources",
  "/zh-hans/resources/guides",
  "/zh-hans/resources/videos",
  "/zh-hans/services",
  "/zh-hans/services/content-creative",
  "/zh-hans/services/crm-sales",
  "/zh-hans/services/digitalmarketing",
  "/zh-hans/services/ecommerce-growth",
  "/zh-hans/services/koc-community",
  "/zh-hans/services/seo-aeo",
  "/zh-hans/solutions/content-production",
  "/zh-hans/solutions/customer-engagement",
  "/zh-hans/solutions/market-intelligence",
  "/zh-hans/solutions/website-operations",
  "/zh-hans/terms",
  "/zh-hans/workshop",
  "https://aip.fimmick.com/",
  "https://www.facebook.com/fimmick",
  "https://www.instagram.com/fimmick/",
  "https://www.linkedin.com/company/fimmick/",
  "https://www.youtube.com/@fimmick",
  "mailto:business@fimmick.com",
  "mailto:business@fimmick.com",
  "tel:+85236225388",
]
`;

exports[`site footer links > zh-hant: same hrefs as before the regrouping 1`] = `
[
  "/zh-hant/about",
  "/zh-hant/about/asia-delivery",
  "/zh-hant/about/how-we-work",
  "/zh-hant/about/our-story",
  "/zh-hant/about/team",
  "/zh-hant/about/why-fimmick",
  "/zh-hant/ai-transformation",
  "/zh-hant/ai-transformation/ai-readiness-maturity",
  "/zh-hant/ai-transformation/governance-adoption",
  "/zh-hant/ai-transformation/strategy-roadmap",
  "/zh-hant/ai-transformation/workflow-agent-design",
  "/zh-hant/case-studies",
  "/zh-hant/case-studies/fimmick-ai-native-operating-model",
  "/zh-hant/case-studies?kind=client-work",
  "/zh-hant/cases-and-demos",
  "/zh-hant/contact",
  "/zh-hant/contact?intent=demo",
  "/zh-hant/cookies",
  "/zh-hant/events",
  "/zh-hant/fimmick-ecosystem",
  "/zh-hant/fimmick-ecosystem/50-add-oil",
  "/zh-hant/fimmick-ecosystem/adfocate",
  "/zh-hant/fimmick-ecosystem/aip",
  "/zh-hant/fimmick-ecosystem/kinnso",
  "/zh-hant/fimmick-ecosystem/kocmax",
  "/zh-hant/how-to-start",
  "/zh-hant/industries",
  "/zh-hant/industries/beauty-luxury",
  "/zh-hant/industries/financial-services",
  "/zh-hant/industries/food-beverage",
  "/zh-hant/industries/hospitality-travel",
  "/zh-hant/industries/retail-ecommerce",
  "/zh-hant/insights",
  "/zh-hant/knowledge-hub",
  "/zh-hant/platform",
  "/zh-hant/privacy",
  "/zh-hant/products/social-listening",
  "/zh-hant/resources",
  "/zh-hant/resources/guides",
  "/zh-hant/resources/videos",
  "/zh-hant/services",
  "/zh-hant/services/content-creative",
  "/zh-hant/services/crm-sales",
  "/zh-hant/services/digitalmarketing",
  "/zh-hant/services/ecommerce-growth",
  "/zh-hant/services/koc-community",
  "/zh-hant/services/seo-aeo",
  "/zh-hant/solutions/content-production",
  "/zh-hant/solutions/customer-engagement",
  "/zh-hant/solutions/market-intelligence",
  "/zh-hant/solutions/website-operations",
  "/zh-hant/terms",
  "/zh-hant/workshop",
  "https://aip.fimmick.com/",
  "https://www.facebook.com/fimmick",
  "https://www.instagram.com/fimmick/",
  "https://www.linkedin.com/company/fimmick/",
  "https://www.youtube.com/@fimmick",
  "mailto:business@fimmick.com",
  "mailto:business@fimmick.com",
  "tel:+85236225388",
]
`;
