
Running 118 tests using 4 workers

[1/118] [chromium] › tests\e2e\axe.spec.ts:60:7 › axe at desktop › /zh-hans has no violations
[2/118] [chromium] › tests\e2e\axe.spec.ts:60:7 › axe at desktop › /en has no violations
[3/118] [chromium] › tests\e2e\axe.spec.ts:60:7 › axe at desktop › /en/platform has no violations
[4/118] [chromium] › tests\e2e\axe.spec.ts:60:7 › axe at desktop › /zh-hant has no violations
[5/118] [chromium] › tests\e2e\axe.spec.ts:60:7 › axe at desktop › /en/services has no violations
[6/118] [chromium] › tests\e2e\axe.spec.ts:60:7 › axe at desktop › /en/solutions/content-production has no violations
[7/118] [chromium] › tests\e2e\axe.spec.ts:60:7 › axe at desktop › /en/industries has no violations
[8/118] [chromium] › tests\e2e\axe.spec.ts:60:7 › axe at desktop › /en/case-studies/real-estate-sales-follow-up has no violations
[9/118] [chromium] › tests\e2e\axe.spec.ts:60:7 › axe at desktop › /en/contact has no violations
[10/118] [chromium] › tests\e2e\axe.spec.ts:60:7 › axe at desktop › /en/knowledge-hub/4-types-of-crm-system has no violations
[11/118] [chromium] › tests\e2e\axe.spec.ts:60:7 › axe at desktop › /en/about/team has no violations
[12/118] [chromium] › tests\e2e\axe.spec.ts:60:7 › axe at desktop › /en/nonexistent has no violations
[13/118] [chromium] › tests\e2e\axe.spec.ts:60:7 › axe at desktop › /zh-hant/platform/nope has no violations
[14/118] [chromium] › tests\e2e\axe.spec.ts:60:7 › axe at desktop › /en/resources/videos has no violations
[15/118] [chromium] › tests\e2e\axe.spec.ts:60:7 › axe at desktop › /zh-hant/contact has no violations
[16/118] [chromium] › tests\e2e\axe.spec.ts:60:7 › axe at desktop › /en/case-studies has no violations
[17/118] [chromium] › tests\e2e\axe.spec.ts:60:7 › axe at desktop › /en/resources has no violations
[18/118] [chromium] › tests\e2e\axe.spec.ts:60:7 › axe at desktop › /en/fimmick-ecosystem has no violations
[19/118] [chromium] › tests\e2e\axe.spec.ts:60:7 › axe at desktop › /zh-hant/services/digitalmarketing has no violations
[20/118] [chromium] › tests\e2e\axe.spec.ts:60:7 › axe at mobile › /en has no violations
[21/118] [chromium] › tests\e2e\axe.spec.ts:60:7 › axe at mobile › /zh-hant has no violations
[22/118] [chromium] › tests\e2e\axe.spec.ts:60:7 › axe at mobile › /zh-hans has no violations
[23/118] [chromium] › tests\e2e\axe.spec.ts:60:7 › axe at mobile › /en/platform has no violations
[24/118] [chromium] › tests\e2e\axe.spec.ts:60:7 › axe at mobile › /en/services has no violations
[25/118] [chromium] › tests\e2e\axe.spec.ts:60:7 › axe at mobile › /en/solutions/content-production has no violations
[26/118] [chromium] › tests\e2e\axe.spec.ts:60:7 › axe at mobile › /en/industries has no violations
[27/118] [chromium] › tests\e2e\axe.spec.ts:60:7 › axe at mobile › /en/case-studies/real-estate-sales-follow-up has no violations
[28/118] [chromium] › tests\e2e\axe.spec.ts:60:7 › axe at mobile › /en/contact has no violations
[29/118] [chromium] › tests\e2e\axe.spec.ts:60:7 › axe at mobile › /en/knowledge-hub/4-types-of-crm-system has no violations
[30/118] [chromium] › tests\e2e\axe.spec.ts:60:7 › axe at mobile › /en/about/team has no violations
[31/118] [chromium] › tests\e2e\axe.spec.ts:60:7 › axe at mobile › /en/nonexistent has no violations
[32/118] [chromium] › tests\e2e\axe.spec.ts:60:7 › axe at mobile › /zh-hant/platform/nope has no violations
[33/118] [chromium] › tests\e2e\axe.spec.ts:60:7 › axe at mobile › /en/resources/videos has no violations
[34/118] [chromium] › tests\e2e\axe.spec.ts:60:7 › axe at mobile › /zh-hant/contact has no violations
[35/118] [chromium] › tests\e2e\axe.spec.ts:60:7 › axe at mobile › /en/case-studies has no violations
[36/118] [chromium] › tests\e2e\axe.spec.ts:60:7 › axe at mobile › /en/resources has no violations
[37/118] [chromium] › tests\e2e\axe.spec.ts:60:7 › axe at mobile › /en/fimmick-ecosystem has no violations
[38/118] [chromium] › tests\e2e\axe.spec.ts:60:7 › axe at mobile › /zh-hant/services/digitalmarketing has no violations
[39/118] [chromium] › tests\e2e\copy.spec.ts:5:1 › inner-page headlines carry the editorial accent
[40/118] [chromium] › tests\e2e\copy.spec.ts:15:1 › the hero states the idea, and its Chinese accent uses emphasis marks
[41/118] [chromium] › tests\e2e\copy.spec.ts:45:1 › Chinese hero text never breaks inside a word at 390 px (決定, 批准)
[42/118] [chromium] › tests\e2e\copy.spec.ts:53:1 › the homepage carries one sample notice; 'Illustrative' and 'people decide' stay rare
[43/118] [chromium] › tests\e2e\copy.spec.ts:74:1 › case pages read job, what changed, who decided, now offered as
[44/118] [chromium] › tests\e2e\copy.spec.ts:90:1 › detail-page heroes say each thing once (headline and lead appear once in main)
[45/118] [chromium] › tests\e2e\craft.spec.ts:34:5 › 1.1 locale 404 › /zh-hant/platform/nope renders the localised 404 inside the site shell
[46/118] [chromium] › tests\e2e\craft.spec.ts:34:5 › 1.1 locale 404 › /zh-hant/knowledge-hub/nope renders the localised 404 inside the site shell
[47/118] [chromium] › tests\e2e\craft.spec.ts:34:5 › 1.1 locale 404 › /zh-hans/nope renders the localised 404 inside the site shell
[48/118] [chromium] › tests\e2e\craft.spec.ts:34:5 › 1.1 locale 404 › /en/nope renders the localised 404 inside the site shell
[49/118] [chromium] › tests\e2e\craft.spec.ts:34:5 › 1.1 locale 404 › /en/services/not-a-service renders the localised 404 inside the site shell
[50/118] [chromium] › tests\e2e\craft.spec.ts:47:3 › 1.1 locale 404 › the 404 title is localised
[51/118] [chromium] › tests\e2e\craft.spec.ts:54:3 › 1.1 locale 404 › a URL outside every locale still gets the global 404
[52/118] [chromium] › tests\e2e\craft.spec.ts:64:3 › 1.2 navigation from 1024 px; drawer as a sheet › primary navigation shows from 1024 px and fits on one line with the CTA
[53/118] [chromium] › tests\e2e\craft.spec.ts:93:3 › 1.2 navigation from 1024 px; drawer as a sheet › below 1024 px the menu button shows
[54/118] [chromium] › tests\e2e\craft.spec.ts:100:3 › 1.2 navigation from 1024 px; drawer as a sheet › on tablets the drawer is a right-hand sheet over a scrim that closes it
[55/118] [chromium] › tests\e2e\craft.spec.ts:118:3 › 1.2 navigation from 1024 px; drawer as a sheet › on phones the drawer stays full-screen
[56/118] [chromium] › tests\e2e\craft.spec.ts:151:5 › 1.3 lazily rendered bands keep a stable document height › /en at 390px drifts at most 400px on the first scroll
[57/118] [chromium] › tests\e2e\craft.spec.ts:151:5 › 1.3 lazily rendered bands keep a stable document height › /zh-hant at 390px drifts at most 400px on the first scroll
[58/118] [chromium] › tests\e2e\craft.spec.ts:151:5 › 1.3 lazily rendered bands keep a stable document height › /en at 1440px drifts at most 150px on the first scroll
[59/118] [chromium] › tests\e2e\craft.spec.ts:151:5 › 1.3 lazily rendered bands keep a stable document height › /zh-hant at 1440px drifts at most 150px on the first scroll
[60/118] [chromium] › tests\e2e\craft.spec.ts:151:5 › 1.3 lazily rendered bands keep a stable document height › /en/platform at 390px drifts at most 0px on the first scroll
[61/118] [chromium] › tests\e2e\craft.spec.ts:151:5 › 1.3 lazily rendered bands keep a stable document height › /en/platform at 1440px drifts at most 0px on the first scroll
[62/118] [chromium] › tests\e2e\craft.spec.ts:151:5 › 1.3 lazily rendered bands keep a stable document height › /en/services at 390px drifts at most 0px on the first scroll
[63/118] [chromium] › tests\e2e\craft.spec.ts:151:5 › 1.3 lazily rendered bands keep a stable document height › /en/services at 1440px drifts at most 0px on the first scroll
[64/118] [chromium] › tests\e2e\craft.spec.ts:159:3 › 1.4 focus and contrast › the utility row comes back into view when it takes keyboard focus
[65/118] [chromium] › tests\e2e\craft.spec.ts:174:3 › 1.4 focus and contrast › keyboard focus stays visible in forced-colours mode
[66/118] [chromium] › tests\e2e\craft.spec.ts:191:3 › 1.4 focus and contrast › hovering an output tile keeps its keyboard focus ring
[67/118] [chromium] › tests\e2e\craft.spec.ts:203:3 › 1.4 focus and contrast › form-field borders and the industry-matrix dash reach 3:1
[68/118] [chromium] › tests\e2e\craft.spec.ts:221:3 › 1.4 touch targets › footer legal links and the small ghost button are 44 px tall on touch
[69/118] [chromium] › tests\e2e\craft.spec.ts:232:3 › 1.5 drawer and route-change coordination › the drawer opens at full height after the header has moved
[70/118] [chromium] › tests\e2e\craft.spec.ts:252:3 › 1.5 drawer and route-change coordination › resizing past the breakpoint closes the drawer and unlocks the page
[71/118] [chromium] › tests\e2e\craft.spec.ts:263:3 › 1.5 drawer and route-change coordination › the in-drawer close button is never hidden by the desktop rule
[72/118] [chromium] › tests\e2e\craft.spec.ts:269:3 › 1.5 drawer and route-change coordination › after a route change the header is in place from the first frame
[73/118] [chromium] › tests\e2e\craft.spec.ts:293:5 › 1.6 small visible breaks › hero photo badge is not covered by the sample card at 390px
[74/118] [chromium] › tests\e2e\craft.spec.ts:293:5 › 1.6 small visible breaks › hero photo badge is not covered by the sample card at 320px
[75/118] [chromium] › tests\e2e\craft.spec.ts:312:5 › 1.6 small visible breaks › the dark-chapter marquee rests on a whole, centred phrase (/en at 1440px)
[76/118] [chromium] › tests\e2e\craft.spec.ts:312:5 › 1.6 small visible breaks › the dark-chapter marquee rests on a whole, centred phrase (/en at 390px)
[77/118] [chromium] › tests\e2e\craft.spec.ts:312:5 › 1.6 small visible breaks › the dark-chapter marquee rests on a whole, centred phrase (/zh-hant at 1440px)
[78/118] [chromium] › tests\e2e\craft.spec.ts:348:3 › 1.6 small visible breaks › the scroll cue drops twice, then rests
[79/118] [chromium] › tests\e2e\craft.spec.ts:355:3 › 1.6 small visible breaks › the explainer falls back to WebM when the MP4 source fails
[80/118] [chromium] › tests\e2e\craft.spec.ts:370:3 › 1.6 small visible breaks › the poster offers a 640 w candidate
[81/118] [chromium] › tests\e2e\craft.spec.ts:377:3 › 1.7 icons, titles, archive banner, leadership › the full icon set and a manifest are served
[82/118] [chromium] › tests\e2e\craft.spec.ts:392:3 › 1.7 icons, titles, archive banner, leadership › article titles show a decoded ampersand
[83/118] [chromium] › tests\e2e\craft.spec.ts:400:3 › 1.7 icons, titles, archive banner, leadership › the archive banner marks only pre-relaunch articles
[84/118] [chromium] › tests\e2e\craft.spec.ts:407:3 › 1.7 icons, titles, archive banner, leadership › the leadership page has no pending-approval note and shows a context photograph
[85/118] [chromium] › tests\e2e\enquiry.spec.ts:20:3 › 2.2 without JavaScript › details never reach the URL, and the email route is offered
[86/118] [chromium] › tests\e2e\enquiry.spec.ts:40:3 › 2.2 validation and status › an invalid field inside the collapsed details opens them and takes focus
[87/118] [chromium] › tests\e2e\enquiry.spec.ts:53:3 › 2.2 validation and status › a work description over the limit is reported on that field
[88/118] [chromium] › tests\e2e\enquiry.spec.ts:65:3 › 2.2 validation and status › success moves focus to the confirmation and is announced by a region that was already there
[89/118] [chromium] › tests\e2e\enquiry.spec.ts:76:3 › 2.2 validation and status › a retry reuses the request key; an edit after a timeout makes a new one
[90/118] [chromium] › tests\e2e\enquiry.spec.ts:95:3 › 2.2 validation and status › offline is reported as a failed send, not as a timeout
[91/118] [chromium] › tests\e2e\enquiry.spec.ts:107:3 › 2.2 context and email handoff › the context chip's remove button is a 44 px target
[92/118] [chromium] › tests\e2e\enquiry.spec.ts:115:3 › 2.2 context and email handoff › a long prepared email offers Copy before the email-app link
[93/118] [chromium] › tests\e2e\enquiry.spec.ts:125:3 › 2.2 context and email handoff › Copy confirms, then resets; a refused clipboard selects the text instead
[94/118] [chromium] › tests\e2e\site.spec.ts:16:3 › routes, redirects and indexing › key pages render with the right language and canonical
[95/118] [chromium] › tests\e2e\site.spec.ts:28:3 › routes, redirects and indexing › legacy URLs redirect to meaningful destinations without chains
[96/118] [chromium] › tests\e2e\site.spec.ts:49:3 › routes, redirects and indexing › unknown URLs are genuine 404s
[97/118] [chromium] › tests\e2e\site.spec.ts:55:3 › routes, redirects and indexing › review build blocks crawlers; sitemap lists canonical pages
[98/118] [chromium] › tests\e2e\site.spec.ts:65:3 › routes, redirects and indexing › Simplified Chinese pages render converted copy with a zh-Hans hreflang
[99/118] [chromium] › tests\e2e\site.spec.ts:82:3 › no horizontal overflow at 360px
[100/118] [chromium] › tests\e2e\site.spec.ts:82:3 › no horizontal overflow at 390px
[101/118] [chromium] › tests\e2e\site.spec.ts:82:3 › no horizontal overflow at 768px
[102/118] [chromium] › tests\e2e\site.spec.ts:82:3 › no horizontal overflow at 1024px
[103/118] [chromium] › tests\e2e\site.spec.ts:82:3 › no horizontal overflow at 1440px
[104/118] [chromium] › tests\e2e\site.spec.ts:91:3 › navigation › desktop menu opens by keyboard, Escape closes and returns focus
[105/118] [chromium] › tests\e2e\site.spec.ts:104:3 › navigation › all eight pillars are reachable in the mobile drawer
[106/118] [chromium] › tests\e2e\site.spec.ts:120:3 › interactive examples › content example: edits invalidate review, export needs review, reset restores
[107/118] [chromium] › tests\e2e\site.spec.ts:148:3 › interactive examples › follow-up example keeps human-only enquiries away from drafts
[108/118] [chromium] › tests\e2e\site.spec.ts:156:3 › interactive examples › website example holds records with missing required fields
[109/118] [chromium] › tests\e2e\site.spec.ts:166:3 › enquiry journey › context is preserved, validation works, and no false success without a backend
[110/118] [chromium] › tests\e2e\site.spec.ts:184:3 › enquiry journey › API rejects invalid input and never reports acceptance without a delivery backend
[111/118] [chromium] › tests\e2e\site.spec.ts:196:3 › locale continuity and media › language switch keeps the equivalent page and safe context only
[112/118] [chromium] › tests\e2e\site.spec.ts:205:3 › locale continuity and media › no video bytes before intent; captions attached after play
[113/118] [chromium] › tests\e2e\site.spec.ts:219:3 › locale continuity and media › key pages produce no console errors
[114/118] [chromium] › tests\e2e\site.spec.ts:232:3 › locale continuity and media › reduced motion keeps all content visible
[115/118] [chromium] › tests\e2e\site.spec.ts:245:3 › locale continuity and media › homepage hero shows a sample output with its four-step record and a person approving
[116/118] [chromium] › tests\e2e\site.spec.ts:256:3 › locale continuity and media › signature workflow: plays once when visible, pauses, steps by keyboard and shows all four
[117/118] [chromium] › tests\e2e\site.spec.ts:277:3 › locale continuity and media › award styles win the cascade in the production bundle
[118/118] [chromium] › tests\e2e\site.spec.ts:292:3 › locale continuity and media › photographs are labelled as illustrative and described
  118 passed (3.0m)
