
Running 145 tests using 4 workers

[1/145] [chromium] › tests\e2e\axe.spec.ts:61:7 › axe at desktop › /en has no violations
[2/145] [chromium] › tests\e2e\axe.spec.ts:61:7 › axe at desktop › /zh-hans has no violations
[3/145] [chromium] › tests\e2e\axe.spec.ts:61:7 › axe at desktop › /en/platform has no violations
[4/145] [chromium] › tests\e2e\axe.spec.ts:61:7 › axe at desktop › /zh-hant has no violations
[5/145] [chromium] › tests\e2e\axe.spec.ts:61:7 › axe at desktop › /en/services has no violations
[6/145] [chromium] › tests\e2e\axe.spec.ts:61:7 › axe at desktop › /en/solutions/content-production has no violations
[7/145] [chromium] › tests\e2e\axe.spec.ts:61:7 › axe at desktop › /en/industries has no violations
[8/145] [chromium] › tests\e2e\axe.spec.ts:61:7 › axe at desktop › /en/case-studies/real-estate-sales-follow-up has no violations
[9/145] [chromium] › tests\e2e\axe.spec.ts:61:7 › axe at desktop › /en/contact has no violations
[10/145] [chromium] › tests\e2e\axe.spec.ts:61:7 › axe at desktop › /en/knowledge-hub/4-types-of-crm-system has no violations
[11/145] [chromium] › tests\e2e\axe.spec.ts:61:7 › axe at desktop › /en/about/team has no violations
[12/145] [chromium] › tests\e2e\axe.spec.ts:61:7 › axe at desktop › /en/nonexistent has no violations
[13/145] [chromium] › tests\e2e\axe.spec.ts:61:7 › axe at desktop › /zh-hant/platform/nope has no violations
[14/145] [chromium] › tests\e2e\axe.spec.ts:61:7 › axe at desktop › /en/resources/videos has no violations
[15/145] [chromium] › tests\e2e\axe.spec.ts:61:7 › axe at desktop › /zh-hant/contact has no violations
[16/145] [chromium] › tests\e2e\axe.spec.ts:61:7 › axe at desktop › /en/case-studies has no violations
[17/145] [chromium] › tests\e2e\axe.spec.ts:61:7 › axe at desktop › /en/resources has no violations
[18/145] [chromium] › tests\e2e\axe.spec.ts:61:7 › axe at desktop › /en/fimmick-ecosystem has no violations
[19/145] [chromium] › tests\e2e\axe.spec.ts:61:7 › axe at desktop › /zh-hant/services/digitalmarketing has no violations
[20/145] [chromium] › tests\e2e\axe.spec.ts:61:7 › axe at desktop › /en/products has no violations
[21/145] [chromium] › tests\e2e\axe.spec.ts:61:7 › axe at desktop › /en/functions has no violations
[22/145] [chromium] › tests\e2e\axe.spec.ts:61:7 › axe at desktop › /zh-hant/services has no violations
[23/145] [chromium] › tests\e2e\axe.spec.ts:61:7 › axe at mobile › /en has no violations
[24/145] [chromium] › tests\e2e\axe.spec.ts:61:7 › axe at mobile › /zh-hant has no violations
[25/145] [chromium] › tests\e2e\axe.spec.ts:61:7 › axe at mobile › /zh-hans has no violations
[26/145] [chromium] › tests\e2e\axe.spec.ts:61:7 › axe at mobile › /en/platform has no violations
[27/145] [chromium] › tests\e2e\axe.spec.ts:61:7 › axe at mobile › /en/services has no violations
[28/145] [chromium] › tests\e2e\axe.spec.ts:61:7 › axe at mobile › /en/solutions/content-production has no violations
[29/145] [chromium] › tests\e2e\axe.spec.ts:61:7 › axe at mobile › /en/industries has no violations
[30/145] [chromium] › tests\e2e\axe.spec.ts:61:7 › axe at mobile › /en/case-studies/real-estate-sales-follow-up has no violations
[31/145] [chromium] › tests\e2e\axe.spec.ts:61:7 › axe at mobile › /en/contact has no violations
[32/145] [chromium] › tests\e2e\axe.spec.ts:61:7 › axe at mobile › /en/knowledge-hub/4-types-of-crm-system has no violations
[33/145] [chromium] › tests\e2e\axe.spec.ts:61:7 › axe at mobile › /en/about/team has no violations
[34/145] [chromium] › tests\e2e\axe.spec.ts:61:7 › axe at mobile › /en/nonexistent has no violations
[35/145] [chromium] › tests\e2e\axe.spec.ts:61:7 › axe at mobile › /zh-hant/platform/nope has no violations
[36/145] [chromium] › tests\e2e\axe.spec.ts:61:7 › axe at mobile › /en/resources/videos has no violations
[37/145] [chromium] › tests\e2e\axe.spec.ts:61:7 › axe at mobile › /zh-hant/contact has no violations
[38/145] [chromium] › tests\e2e\axe.spec.ts:61:7 › axe at mobile › /en/case-studies has no violations
[39/145] [chromium] › tests\e2e\axe.spec.ts:61:7 › axe at mobile › /en/resources has no violations
[40/145] [chromium] › tests\e2e\axe.spec.ts:61:7 › axe at mobile › /en/fimmick-ecosystem has no violations
[41/145] [chromium] › tests\e2e\axe.spec.ts:61:7 › axe at mobile › /zh-hant/services/digitalmarketing has no violations
[42/145] [chromium] › tests\e2e\axe.spec.ts:61:7 › axe at mobile › /en/products has no violations
[43/145] [chromium] › tests\e2e\axe.spec.ts:61:7 › axe at mobile › /en/functions has no violations
[44/145] [chromium] › tests\e2e\axe.spec.ts:61:7 › axe at mobile › /zh-hant/services has no violations
[45/145] [chromium] › tests\e2e\copy.spec.ts:5:1 › inner-page headlines carry the editorial accent
[46/145] [chromium] › tests\e2e\copy.spec.ts:15:1 › the hero states the idea, and its Chinese accent uses emphasis marks
[47/145] [chromium] › tests\e2e\copy.spec.ts:45:1 › Chinese hero text never breaks inside a word at 390 px (決定, 批准)
[48/145] [chromium] › tests\e2e\copy.spec.ts:53:1 › the homepage carries one sample notice; 'Illustrative' and 'people decide' stay rare
[49/145] [chromium] › tests\e2e\copy.spec.ts:74:1 › case pages read job, what changed, who decided, now offered as
[50/145] [chromium] › tests\e2e\copy.spec.ts:90:1 › detail-page heroes say each thing once (headline and lead appear once in main)
[51/145] [chromium] › tests\e2e\craft.spec.ts:34:5 › 1.1 locale 404 › /zh-hant/platform/nope renders the localised 404 inside the site shell
[52/145] [chromium] › tests\e2e\craft.spec.ts:34:5 › 1.1 locale 404 › /zh-hant/knowledge-hub/nope renders the localised 404 inside the site shell
[53/145] [chromium] › tests\e2e\craft.spec.ts:34:5 › 1.1 locale 404 › /zh-hans/nope renders the localised 404 inside the site shell
[54/145] [chromium] › tests\e2e\craft.spec.ts:34:5 › 1.1 locale 404 › /en/nope renders the localised 404 inside the site shell
[55/145] [chromium] › tests\e2e\craft.spec.ts:34:5 › 1.1 locale 404 › /en/services/not-a-service renders the localised 404 inside the site shell
[56/145] [chromium] › tests\e2e\craft.spec.ts:47:3 › 1.1 locale 404 › the 404 title is localised
[57/145] [chromium] › tests\e2e\craft.spec.ts:54:3 › 1.1 locale 404 › a URL outside every locale still gets the global 404
[58/145] [chromium] › tests\e2e\craft.spec.ts:64:3 › 1.2 navigation from 1024 px; drawer as a sheet › primary navigation shows from 1024 px and fits on one line with the CTA
[59/145] [chromium] › tests\e2e\craft.spec.ts:93:3 › 1.2 navigation from 1024 px; drawer as a sheet › below 1024 px the menu button shows
[60/145] [chromium] › tests\e2e\craft.spec.ts:100:3 › 1.2 navigation from 1024 px; drawer as a sheet › on tablets the drawer is a right-hand sheet over a scrim that closes it
[61/145] [chromium] › tests\e2e\craft.spec.ts:118:3 › 1.2 navigation from 1024 px; drawer as a sheet › on phones the drawer stays full-screen
[62/145] [chromium] › tests\e2e\craft.spec.ts:151:5 › 1.3 lazily rendered bands keep a stable document height › /en at 390px drifts at most 400px on the first scroll
[63/145] [chromium] › tests\e2e\craft.spec.ts:151:5 › 1.3 lazily rendered bands keep a stable document height › /zh-hant at 390px drifts at most 400px on the first scroll
[64/145] [chromium] › tests\e2e\craft.spec.ts:151:5 › 1.3 lazily rendered bands keep a stable document height › /en at 1440px drifts at most 150px on the first scroll
[65/145] [chromium] › tests\e2e\craft.spec.ts:151:5 › 1.3 lazily rendered bands keep a stable document height › /zh-hant at 1440px drifts at most 150px on the first scroll
[66/145] [chromium] › tests\e2e\craft.spec.ts:151:5 › 1.3 lazily rendered bands keep a stable document height › /en/platform at 390px drifts at most 0px on the first scroll
[67/145] [chromium] › tests\e2e\craft.spec.ts:151:5 › 1.3 lazily rendered bands keep a stable document height › /en/platform at 1440px drifts at most 0px on the first scroll
[68/145] [chromium] › tests\e2e\craft.spec.ts:151:5 › 1.3 lazily rendered bands keep a stable document height › /en/services at 390px drifts at most 0px on the first scroll
[69/145] [chromium] › tests\e2e\craft.spec.ts:151:5 › 1.3 lazily rendered bands keep a stable document height › /en/services at 1440px drifts at most 0px on the first scroll
[70/145] [chromium] › tests\e2e\craft.spec.ts:159:3 › 1.4 focus and contrast › the utility row comes back into view when it takes keyboard focus
[71/145] [chromium] › tests\e2e\craft.spec.ts:174:3 › 1.4 focus and contrast › keyboard focus stays visible in forced-colours mode
[72/145] [chromium] › tests\e2e\craft.spec.ts:191:3 › 1.4 focus and contrast › hovering an output tile keeps its keyboard focus ring
[73/145] [chromium] › tests\e2e\craft.spec.ts:203:3 › 1.4 focus and contrast › form-field borders and the industry-matrix dash reach 3:1
[74/145] [chromium] › tests\e2e\craft.spec.ts:221:3 › 1.4 touch targets › footer legal links and the small ghost button are 44 px tall on touch
[75/145] [chromium] › tests\e2e\craft.spec.ts:232:3 › 1.5 drawer and route-change coordination › the drawer opens at full height after the header has moved
[76/145] [chromium] › tests\e2e\craft.spec.ts:252:3 › 1.5 drawer and route-change coordination › resizing past the breakpoint closes the drawer and unlocks the page
[77/145] [chromium] › tests\e2e\craft.spec.ts:263:3 › 1.5 drawer and route-change coordination › the in-drawer close button is never hidden by the desktop rule
[78/145] [chromium] › tests\e2e\craft.spec.ts:269:3 › 1.5 drawer and route-change coordination › after a route change the header is in place from the first frame
[79/145] [chromium] › tests\e2e\craft.spec.ts:293:5 › 1.6 small visible breaks › hero photo badge is not covered by the sample card at 390px
[80/145] [chromium] › tests\e2e\craft.spec.ts:293:5 › 1.6 small visible breaks › hero photo badge is not covered by the sample card at 320px
[81/145] [chromium] › tests\e2e\craft.spec.ts:312:5 › 1.6 small visible breaks › the dark-chapter marquee rests on a whole, centred phrase (/en at 1440px)
[82/145] [chromium] › tests\e2e\craft.spec.ts:312:5 › 1.6 small visible breaks › the dark-chapter marquee rests on a whole, centred phrase (/en at 390px)
[83/145] [chromium] › tests\e2e\craft.spec.ts:312:5 › 1.6 small visible breaks › the dark-chapter marquee rests on a whole, centred phrase (/zh-hant at 1440px)
[84/145] [chromium] › tests\e2e\craft.spec.ts:348:3 › 1.6 small visible breaks › the scroll cue drops twice, then rests
[85/145] [chromium] › tests\e2e\craft.spec.ts:355:3 › 1.6 small visible breaks › the explainer falls back to WebM when the MP4 source fails
[86/145] [chromium] › tests\e2e\craft.spec.ts:370:3 › 1.6 small visible breaks › the poster offers a 640 w candidate
[87/145] [chromium] › tests\e2e\craft.spec.ts:377:3 › 1.7 icons, titles, archive banner, leadership › the full icon set and a manifest are served
[88/145] [chromium] › tests\e2e\craft.spec.ts:392:3 › 1.7 icons, titles, archive banner, leadership › article titles show a decoded ampersand
[89/145] [chromium] › tests\e2e\craft.spec.ts:400:3 › 1.7 icons, titles, archive banner, leadership › the archive banner marks only pre-relaunch articles
[90/145] [chromium] › tests\e2e\craft.spec.ts:407:3 › 1.7 icons, titles, archive banner, leadership › the leadership page has no pending-approval note and shows a context photograph
[91/145] [chromium] › tests\e2e\enquiry.spec.ts:20:3 › 2.2 without JavaScript › details never reach the URL, and the email route is offered
[92/145] [chromium] › tests\e2e\enquiry.spec.ts:40:3 › 2.2 validation and status › an invalid field inside the collapsed details opens them and takes focus
[93/145] [chromium] › tests\e2e\enquiry.spec.ts:53:3 › 2.2 validation and status › a work description over the limit is reported on that field
[94/145] [chromium] › tests\e2e\enquiry.spec.ts:65:3 › 2.2 validation and status › success moves focus to the confirmation and is announced by a region that was already there
[95/145] [chromium] › tests\e2e\enquiry.spec.ts:76:3 › 2.2 validation and status › a retry reuses the request key; an edit after a timeout makes a new one
[96/145] [chromium] › tests\e2e\enquiry.spec.ts:95:3 › 2.2 validation and status › offline is reported as a failed send, not as a timeout
[97/145] [chromium] › tests\e2e\enquiry.spec.ts:107:3 › 2.2 context and email handoff › the context chip's remove button is a 44 px target
[98/145] [chromium] › tests\e2e\enquiry.spec.ts:115:3 › 2.2 context and email handoff › a long prepared email offers Copy before the email-app link
[99/145] [chromium] › tests\e2e\enquiry.spec.ts:125:3 › 2.2 context and email handoff › Copy confirms, then resets; a refused clipboard selects the text instead
[100/145] [chromium] › tests\e2e\hubs.spec.ts:15:3 › /en/services: editorial rows, no card grid, the row link is named by its headline
[101/145] [chromium] › tests\e2e\hubs.spec.ts:15:3 › /en/products: editorial rows, no card grid, the row link is named by its headline
[102/145] [chromium] › tests\e2e\hubs.spec.ts:15:3 › /en/functions: editorial rows, no card grid, the row link is named by its headline
[103/145] [chromium] › tests\e2e\hubs.spec.ts:15:3 › /en/platform: editorial rows, no card grid, the row link is named by its headline
[104/145] [chromium] › tests\e2e\hubs.spec.ts:31:1 › products and functions name what the link opens
[105/145] [chromium] › tests\e2e\hubs.spec.ts:38:1 › the services filter works in place: no server round trip, URL kept in step
[106/145] [chromium] › tests\e2e\shell.spec.ts:21:3 › 4.1 footer › four columns of two groups at 1440, lists aligned
[107/145] [chromium] › tests\e2e\shell.spec.ts:30:3 › 4.1 footer › one column of groups at 390
[108/145] [chromium] › tests\e2e\shell.spec.ts:37:3 › 4.1 footer › social links are labelled 44 px icons
[109/145] [chromium] › tests\e2e\shell.spec.ts:49:3 › 4.1 footer › footer links do not prefetch
[110/145] [chromium] › tests\e2e\shell.spec.ts:80:3 › 4.2 mega menu › opens on hover intent and closes after the pointer leaves
[111/145] [chromium] › tests\e2e\shell.spec.ts:91:3 › 4.2 mega menu › an open panel has a scrim and its featured card uses the right-hand column
[112/145] [chromium] › tests\e2e\shell.spec.ts:105:3 › 4.2 mega menu › Tab out of the nav closes the panel
[113/145] [chromium] › tests\e2e\shell.spec.ts:117:3 › 4.2 mega menu › a link to the current page closes the panel
[114/145] [chromium] › tests\e2e\shell.spec.ts:128:3 › 4.3 contact › the disclosure has the FAQ indicator and the prepared email is a card in the body face
[115/145] [chromium] › tests\e2e\shell.spec.ts:144:3 › 4.3 contact › an office without an address has no empty line
[116/145] [chromium] › tests\e2e\shell.spec.ts:164:5 › 4.4 share images › /en/opengraph-image is a 1200×630 PNG
[117/145] [chromium] › tests\e2e\shell.spec.ts:164:5 › 4.4 share images › /zh-hant/case-studies/omni-channel-retail-intelligence/opengraph-image is a 1200×630 PNG
[118/145] [chromium] › tests\e2e\shell.spec.ts:172:3 › 4.4 share images › an article shares its own image; other pages keep the fallback
[119/145] [chromium] › tests\e2e\shell.spec.ts:179:3 › 4.4 share images › Open Graph names the alternate locales
[120/145] [chromium] › tests\e2e\shell.spec.ts:186:3 › 4.5 hero at 1920 › the headline sits on at most two lines in a copy column at least 640 px wide
[121/145] [chromium] › tests\e2e\site.spec.ts:16:3 › routes, redirects and indexing › key pages render with the right language and canonical
[122/145] [chromium] › tests\e2e\site.spec.ts:28:3 › routes, redirects and indexing › legacy URLs redirect to meaningful destinations without chains
[123/145] [chromium] › tests\e2e\site.spec.ts:49:3 › routes, redirects and indexing › unknown URLs are genuine 404s
[124/145] [chromium] › tests\e2e\site.spec.ts:55:3 › routes, redirects and indexing › review build blocks crawlers; sitemap lists canonical pages
[125/145] [chromium] › tests\e2e\site.spec.ts:65:3 › routes, redirects and indexing › Simplified Chinese pages render converted copy with a zh-Hans hreflang
[126/145] [chromium] › tests\e2e\site.spec.ts:82:3 › no horizontal overflow at 360px
[127/145] [chromium] › tests\e2e\site.spec.ts:82:3 › no horizontal overflow at 390px
[128/145] [chromium] › tests\e2e\site.spec.ts:82:3 › no horizontal overflow at 768px
[129/145] [chromium] › tests\e2e\site.spec.ts:82:3 › no horizontal overflow at 1024px
[130/145] [chromium] › tests\e2e\site.spec.ts:82:3 › no horizontal overflow at 1440px
[131/145] [chromium] › tests\e2e\site.spec.ts:91:3 › navigation › desktop menu opens by keyboard, Escape closes and returns focus
[132/145] [chromium] › tests\e2e\site.spec.ts:104:3 › navigation › all eight pillars are reachable in the mobile drawer
[133/145] [chromium] › tests\e2e\site.spec.ts:120:3 › interactive examples › content example: edits invalidate review, export needs review, reset restores
[134/145] [chromium] › tests\e2e\site.spec.ts:148:3 › interactive examples › follow-up example keeps human-only enquiries away from drafts
[135/145] [chromium] › tests\e2e\site.spec.ts:156:3 › interactive examples › website example holds records with missing required fields
[136/145] [chromium] › tests\e2e\site.spec.ts:166:3 › enquiry journey › context is preserved, validation works, and no false success without a backend
[137/145] [chromium] › tests\e2e\site.spec.ts:184:3 › enquiry journey › API rejects invalid input and never reports acceptance without a delivery backend
[138/145] [chromium] › tests\e2e\site.spec.ts:196:3 › locale continuity and media › language switch keeps the equivalent page and safe context only
[139/145] [chromium] › tests\e2e\site.spec.ts:205:3 › locale continuity and media › no video bytes before intent; captions attached after play
[140/145] [chromium] › tests\e2e\site.spec.ts:219:3 › locale continuity and media › key pages produce no console errors
[141/145] [chromium] › tests\e2e\site.spec.ts:232:3 › locale continuity and media › reduced motion keeps all content visible
[142/145] [chromium] › tests\e2e\site.spec.ts:245:3 › locale continuity and media › homepage hero shows a sample output with its four-step record and a person approving
[143/145] [chromium] › tests\e2e\site.spec.ts:256:3 › locale continuity and media › signature workflow: plays once when visible, pauses, steps by keyboard and shows all four
[144/145] [chromium] › tests\e2e\site.spec.ts:277:3 › locale continuity and media › award styles win the cascade in the production bundle
[145/145] [chromium] › tests\e2e\site.spec.ts:292:3 › locale continuity and media › photographs are labelled as illustrative and described
  145 passed (3.6m)
