
 RUN  v3.2.7 C:/Users/laich/Documents/FimmickWebsite2

 ❯ tests/unit/award-2.test.ts (11 tests | 1 failed) 135ms
   ✓ award pass 2 — Knowledge Hub records > article titles and summaries carry no HTML entities 4ms
   ✓ award pass 2 — Knowledge Hub records > decoding repeats until the double-escaped capture is plain text 1ms
   ✓ award pass 2 — Knowledge Hub records > only articles published before the relaunch are marked as archive 0ms
   ✓ award pass 2 — headlines (3.1) > every detail record has an accent phrase that occurs in its headline, in all three locales 1ms
   ✓ award pass 2 — microcopy (3.2) > no Chinese string uses the Japanese middle dot (U+30FB) 118ms
   ✓ award pass 2 — microcopy (3.2) > the demo call to action asks for a request, not a booking (申請, not 預約) 1ms
   ✓ award pass 2 — microcopy (3.2) > buttons are in sentence case 0ms
   ✓ award pass 2 — case evidence (3.3) > every case outcome is an observable state: present, under 220 characters, no evaluative adjectives 0ms
   ✓ award pass 2 — case evidence (3.3) > client cases carry one provenance line and no unknown period 1ms
   ✓ award pass 2 — hub copy (5.3) > every service, product and function summary says what it does in at most 16 words 1ms
   × award pass 2 — live hero card (7) > every approved fact maps to words that appear in both captions 5ms
     → Cannot read properties of undefined (reading 'facts')

⎯⎯⎯⎯⎯⎯⎯ Failed Tests 1 ⎯⎯⎯⎯⎯⎯⎯

 FAIL  tests/unit/award-2.test.ts > award pass 2 — live hero card (7) > every approved fact maps to words that appear in both captions
TypeError: Cannot read properties of undefined (reading 'facts')
 ❯ tests/unit/award-2.test.ts:131:23
    129| describe("award pass 2 — live hero card (7)", () => {
    130|   it("every approved fact maps to words that appear in both captions",…
    131|     expect(heroSample.facts).toHaveLength(4);
       |                       ^
    132|     for (const fact of heroSample.facts) {
    133|       expect(heroSample.caption.en, fact.id).toContain(fact.phrase.en);

⎯⎯⎯⎯⎯⎯⎯⎯⎯⎯⎯⎯⎯⎯⎯⎯⎯⎯⎯⎯⎯⎯⎯⎯[1/1]⎯


 Test Files  1 failed (1)
      Tests  1 failed | 10 passed (11)
   Start at  03:34:05
   Duration  1.84s (transform 296ms, setup 0ms, collect 435ms, tests 135ms, environment 0ms, prepare 794ms)

