
Running 150 tests using 4 workers

[1/150] [chromium] › tests\e2e\axe.spec.ts:61:7 › axe at desktop › /en/platform has no violations
[2/150] [chromium] › tests\e2e\axe.spec.ts:61:7 › axe at desktop › /zh-hant has no violations
[3/150] [chromium] › tests\e2e\axe.spec.ts:61:7 › axe at desktop › /en has no violations
[4/150] [chromium] › tests\e2e\axe.spec.ts:61:7 › axe at desktop › /zh-hans has no violations
[5/150] [chromium] › tests\e2e\axe.spec.ts:61:7 › axe at desktop › /en/services has no violations
[6/150] [chromium] › tests\e2e\axe.spec.ts:61:7 › axe at desktop › /en/solutions/content-production has no violations
[7/150] [chromium] › tests\e2e\axe.spec.ts:61:7 › axe at desktop › /en/industries has no violations
[8/150] [chromium] › tests\e2e\axe.spec.ts:61:7 › axe at desktop › /en/case-studies/real-estate-sales-follow-up has no violations
[9/150] [chromium] › tests\e2e\axe.spec.ts:61:7 › axe at desktop › /en/contact has no violations
[10/150] [chromium] › tests\e2e\axe.spec.ts:61:7 › axe at desktop › /en/knowledge-hub/4-types-of-crm-system has no violations
[11/150] [chromium] › tests\e2e\axe.spec.ts:61:7 › axe at desktop › /en/about/team has no violations
[12/150] [chromium] › tests\e2e\axe.spec.ts:61:7 › axe at desktop › /en/nonexistent has no violations
[13/150] [chromium] › tests\e2e\axe.spec.ts:61:7 › axe at desktop › /zh-hant/platform/nope has no violations
[14/150] [chromium] › tests\e2e\axe.spec.ts:61:7 › axe at desktop › /en/resources/videos has no violations
[15/150] [chromium] › tests\e2e\axe.spec.ts:61:7 › axe at desktop › /zh-hant/contact has no violations
[16/150] [chromium] › tests\e2e\axe.spec.ts:61:7 › axe at desktop › /en/case-studies has no violations
[17/150] [chromium] › tests\e2e\axe.spec.ts:61:7 › axe at desktop › /en/resources has no violations
[18/150] [chromium] › tests\e2e\axe.spec.ts:61:7 › axe at desktop › /en/fimmick-ecosystem has no violations
[19/150] [chromium] › tests\e2e\axe.spec.ts:61:7 › axe at desktop › /zh-hant/services/digitalmarketing has no violations
[20/150] [chromium] › tests\e2e\axe.spec.ts:61:7 › axe at desktop › /en/products has no violations
[21/150] [chromium] › tests\e2e\axe.spec.ts:61:7 › axe at desktop › /en/functions has no violations
[22/150] [chromium] › tests\e2e\axe.spec.ts:61:7 › axe at desktop › /zh-hant/services has no violations
[23/150] [chromium] › tests\e2e\axe.spec.ts:61:7 › axe at mobile › /en has no violations
[24/150] [chromium] › tests\e2e\axe.spec.ts:61:7 › axe at mobile › /zh-hant has no violations
[25/150] [chromium] › tests\e2e\axe.spec.ts:61:7 › axe at mobile › /zh-hans has no violations
[26/150] [chromium] › tests\e2e\axe.spec.ts:61:7 › axe at mobile › /en/platform has no violations
[27/150] [chromium] › tests\e2e\axe.spec.ts:61:7 › axe at mobile › /en/services has no violations
[28/150] [chromium] › tests\e2e\axe.spec.ts:61:7 › axe at mobile › /en/solutions/content-production has no violations
[29/150] [chromium] › tests\e2e\axe.spec.ts:61:7 › axe at mobile › /en/industries has no violations
[30/150] [chromium] › tests\e2e\axe.spec.ts:61:7 › axe at mobile › /en/case-studies/real-estate-sales-follow-up has no violations
[31/150] [chromium] › tests\e2e\axe.spec.ts:61:7 › axe at mobile › /en/contact has no violations
[32/150] [chromium] › tests\e2e\axe.spec.ts:61:7 › axe at mobile › /en/knowledge-hub/4-types-of-crm-system has no violations
[33/150] [chromium] › tests\e2e\axe.spec.ts:61:7 › axe at mobile › /en/about/team has no violations
[34/150] [chromium] › tests\e2e\axe.spec.ts:61:7 › axe at mobile › /en/nonexistent has no violations
[35/150] [chromium] › tests\e2e\axe.spec.ts:61:7 › axe at mobile › /zh-hant/platform/nope has no violations
[36/150] [chromium] › tests\e2e\axe.spec.ts:61:7 › axe at mobile › /en/resources/videos has no violations
[37/150] [chromium] › tests\e2e\axe.spec.ts:61:7 › axe at mobile › /zh-hant/contact has no violations
[38/150] [chromium] › tests\e2e\axe.spec.ts:61:7 › axe at mobile › /en/case-studies has no violations
[39/150] [chromium] › tests\e2e\axe.spec.ts:61:7 › axe at mobile › /en/resources has no violations
[40/150] [chromium] › tests\e2e\axe.spec.ts:61:7 › axe at mobile › /en/fimmick-ecosystem has no violations
[41/150] [chromium] › tests\e2e\axe.spec.ts:61:7 › axe at mobile › /zh-hant/services/digitalmarketing has no violations
[42/150] [chromium] › tests\e2e\axe.spec.ts:61:7 › axe at mobile › /en/products has no violations
[43/150] [chromium] › tests\e2e\axe.spec.ts:61:7 › axe at mobile › /en/functions has no violations
[44/150] [chromium] › tests\e2e\axe.spec.ts:61:7 › axe at mobile › /zh-hant/services has no violations
[45/150] [chromium] › tests\e2e\copy.spec.ts:5:1 › inner-page headlines carry the editorial accent
[46/150] [chromium] › tests\e2e\copy.spec.ts:15:1 › the hero states the idea, and its Chinese accent uses emphasis marks
[47/150] [chromium] › tests\e2e\copy.spec.ts:45:1 › Chinese hero text never breaks inside a word at 390 px (決定, 批准)
[48/150] [chromium] › tests\e2e\copy.spec.ts:53:1 › the homepage carries one sample notice; 'Illustrative' and 'people decide' stay rare
[49/150] [chromium] › tests\e2e\copy.spec.ts:74:1 › case pages read job, what changed, who decided, now offered as
[50/150] [chromium] › tests\e2e\copy.spec.ts:90:1 › detail-page heroes say each thing once (headline and lead appear once in main)
[51/150] [chromium] › tests\e2e\craft.spec.ts:34:5 › 1.1 locale 404 › /zh-hant/platform/nope renders the localised 404 inside the site shell
[52/150] [chromium] › tests\e2e\craft.spec.ts:34:5 › 1.1 locale 404 › /zh-hant/knowledge-hub/nope renders the localised 404 inside the site shell
[53/150] [chromium] › tests\e2e\craft.spec.ts:34:5 › 1.1 locale 404 › /zh-hans/nope renders the localised 404 inside the site shell
[54/150] [chromium] › tests\e2e\craft.spec.ts:34:5 › 1.1 locale 404 › /en/nope renders the localised 404 inside the site shell
[55/150] [chromium] › tests\e2e\craft.spec.ts:34:5 › 1.1 locale 404 › /en/services/not-a-service renders the localised 404 inside the site shell
[56/150] [chromium] › tests\e2e\craft.spec.ts:47:3 › 1.1 locale 404 › the 404 title is localised
[57/150] [chromium] › tests\e2e\craft.spec.ts:54:3 › 1.1 locale 404 › a URL outside every locale still gets the global 404
[58/150] [chromium] › tests\e2e\craft.spec.ts:64:3 › 1.2 navigation from 1024 px; drawer as a sheet › primary navigation shows from 1024 px and fits on one line with the CTA
[59/150] [chromium] › tests\e2e\craft.spec.ts:93:3 › 1.2 navigation from 1024 px; drawer as a sheet › below 1024 px the menu button shows
[60/150] [chromium] › tests\e2e\craft.spec.ts:100:3 › 1.2 navigation from 1024 px; drawer as a sheet › on tablets the drawer is a right-hand sheet over a scrim that closes it
[61/150] [chromium] › tests\e2e\craft.spec.ts:118:3 › 1.2 navigation from 1024 px; drawer as a sheet › on phones the drawer stays full-screen
[62/150] [chromium] › tests\e2e\craft.spec.ts:151:5 › 1.3 lazily rendered bands keep a stable document height › /en at 390px drifts at most 400px on the first scroll
[63/150] [chromium] › tests\e2e\craft.spec.ts:151:5 › 1.3 lazily rendered bands keep a stable document height › /zh-hant at 390px drifts at most 400px on the first scroll
[64/150] [chromium] › tests\e2e\craft.spec.ts:151:5 › 1.3 lazily rendered bands keep a stable document height › /en at 1440px drifts at most 150px on the first scroll
[65/150] [chromium] › tests\e2e\craft.spec.ts:151:5 › 1.3 lazily rendered bands keep a stable document height › /zh-hant at 1440px drifts at most 150px on the first scroll
[66/150] [chromium] › tests\e2e\craft.spec.ts:151:5 › 1.3 lazily rendered bands keep a stable document height › /en/platform at 390px drifts at most 0px on the first scroll
[67/150] [chromium] › tests\e2e\craft.spec.ts:151:5 › 1.3 lazily rendered bands keep a stable document height › /en/platform at 1440px drifts at most 0px on the first scroll
[68/150] [chromium] › tests\e2e\craft.spec.ts:151:5 › 1.3 lazily rendered bands keep a stable document height › /en/services at 390px drifts at most 0px on the first scroll
[69/150] [chromium] › tests\e2e\craft.spec.ts:151:5 › 1.3 lazily rendered bands keep a stable document height › /en/services at 1440px drifts at most 0px on the first scroll
[70/150] [chromium] › tests\e2e\craft.spec.ts:159:3 › 1.4 focus and contrast › the utility row comes back into view when it takes keyboard focus
[71/150] [chromium] › tests\e2e\craft.spec.ts:174:3 › 1.4 focus and contrast › keyboard focus stays visible in forced-colours mode
[72/150] [chromium] › tests\e2e\craft.spec.ts:191:3 › 1.4 focus and contrast › hovering an output tile keeps its keyboard focus ring
[73/150] [chromium] › tests\e2e\craft.spec.ts:203:3 › 1.4 focus and contrast › form-field borders and the industry-matrix dash reach 3:1
[74/150] [chromium] › tests\e2e\craft.spec.ts:221:3 › 1.4 touch targets › footer legal links and the small ghost button are 44 px tall on touch
[75/150] [chromium] › tests\e2e\craft.spec.ts:232:3 › 1.5 drawer and route-change coordination › the drawer opens at full height after the header has moved
[76/150] [chromium] › tests\e2e\craft.spec.ts:252:3 › 1.5 drawer and route-change coordination › resizing past the breakpoint closes the drawer and unlocks the page
[77/150] [chromium] › tests\e2e\craft.spec.ts:263:3 › 1.5 drawer and route-change coordination › the in-drawer close button is never hidden by the desktop rule
[78/150] [chromium] › tests\e2e\craft.spec.ts:269:3 › 1.5 drawer and route-change coordination › after a route change the header is in place from the first frame
[79/150] [chromium] › tests\e2e\craft.spec.ts:293:5 › 1.6 small visible breaks › hero photo badge is not covered by the sample card at 390px
[80/150] [chromium] › tests\e2e\craft.spec.ts:293:5 › 1.6 small visible breaks › hero photo badge is not covered by the sample card at 320px
[81/150] [chromium] › tests\e2e\craft.spec.ts:312:5 › 1.6 small visible breaks › the dark-chapter marquee rests on a whole, centred phrase (/en at 1440px)
[82/150] [chromium] › tests\e2e\craft.spec.ts:312:5 › 1.6 small visible breaks › the dark-chapter marquee rests on a whole, centred phrase (/en at 390px)
[83/150] [chromium] › tests\e2e\craft.spec.ts:312:5 › 1.6 small visible breaks › the dark-chapter marquee rests on a whole, centred phrase (/zh-hant at 1440px)
[84/150] [chromium] › tests\e2e\craft.spec.ts:348:3 › 1.6 small visible breaks › the scroll cue drops twice, then rests
[85/150] [chromium] › tests\e2e\craft.spec.ts:355:3 › 1.6 small visible breaks › the explainer falls back to WebM when the MP4 source fails
[86/150] [chromium] › tests\e2e\craft.spec.ts:370:3 › 1.6 small visible breaks › the poster offers a 640 w candidate
[87/150] [chromium] › tests\e2e\craft.spec.ts:377:3 › 1.7 icons, titles, archive banner, leadership › the full icon set and a manifest are served
[88/150] [chromium] › tests\e2e\craft.spec.ts:392:3 › 1.7 icons, titles, archive banner, leadership › article titles show a decoded ampersand
[89/150] [chromium] › tests\e2e\craft.spec.ts:400:3 › 1.7 icons, titles, archive banner, leadership › the archive banner marks only pre-relaunch articles
[90/150] [chromium] › tests\e2e\craft.spec.ts:407:3 › 1.7 icons, titles, archive banner, leadership › the leadership page has no pending-approval note and shows a context photograph
[91/150] [chromium] › tests\e2e\enquiry.spec.ts:20:3 › 2.2 without JavaScript › details never reach the URL, and the email route is offered
[92/150] [chromium] › tests\e2e\enquiry.spec.ts:40:3 › 2.2 validation and status › an invalid field inside the collapsed details opens them and takes focus
[93/150] [chromium] › tests\e2e\enquiry.spec.ts:53:3 › 2.2 validation and status › a work description over the limit is reported on that field
[94/150] [chromium] › tests\e2e\enquiry.spec.ts:65:3 › 2.2 validation and status › success moves focus to the confirmation and is announced by a region that was already there
[95/150] [chromium] › tests\e2e\enquiry.spec.ts:76:3 › 2.2 validation and status › a retry reuses the request key; an edit after a timeout makes a new one
[96/150] [chromium] › tests\e2e\enquiry.spec.ts:95:3 › 2.2 validation and status › offline is reported as a failed send, not as a timeout
[97/150] [chromium] › tests\e2e\enquiry.spec.ts:107:3 › 2.2 context and email handoff › the context chip's remove button is a 44 px target
[98/150] [chromium] › tests\e2e\enquiry.spec.ts:115:3 › 2.2 context and email handoff › a long prepared email offers Copy before the email-app link
[99/150] [chromium] › tests\e2e\enquiry.spec.ts:125:3 › 2.2 context and email handoff › Copy confirms, then resets; a refused clipboard selects the text instead
[100/150] [chromium] › tests\e2e\hubs.spec.ts:15:3 › /en/services: editorial rows, no card grid, the row link is named by its headline
[101/150] [chromium] › tests\e2e\hubs.spec.ts:15:3 › /en/products: editorial rows, no card grid, the row link is named by its headline
[102/150] [chromium] › tests\e2e\hubs.spec.ts:15:3 › /en/functions: editorial rows, no card grid, the row link is named by its headline
[103/150] [chromium] › tests\e2e\hubs.spec.ts:15:3 › /en/platform: editorial rows, no card grid, the row link is named by its headline
[104/150] [chromium] › tests\e2e\hubs.spec.ts:38:1 › the services filter works in place: no server round trip, URL kept in step
[105/150] [chromium] › tests\e2e\hubs.spec.ts:31:1 › products and functions name what the link opens
[106/150] [chromium] › tests\e2e\photo.spec.ts:5:1 › the homepage keeps the pill for the hero only and says 'Illustrative' at most three times
[107/150] [chromium] › tests\e2e\photo.spec.ts:15:1 › every photograph keeps its provenance in the title
[108/150] [chromium] › tests\e2e\photo.spec.ts:21:1 › page heroes use the wide crop from 800 px; the closing photo uses the portrait crop on phones
[109/150] [chromium] › tests\e2e\photo.spec.ts:33:1 › at 1440 and DPR 2 the page hero is sharp when a 2560 master exists
[110/150] [chromium] › tests\e2e\photo.spec.ts:49:1 › brand files are cached for a day, photographs for a year
[111/150] [chromium] › tests\e2e\shell.spec.ts:21:3 › 4.1 footer › four columns of two groups at 1440, lists aligned
[112/150] [chromium] › tests\e2e\shell.spec.ts:30:3 › 4.1 footer › one column of groups at 390
[113/150] [chromium] › tests\e2e\shell.spec.ts:37:3 › 4.1 footer › social links are labelled 44 px icons
[114/150] [chromium] › tests\e2e\shell.spec.ts:49:3 › 4.1 footer › footer links do not prefetch
[115/150] [chromium] › tests\e2e\shell.spec.ts:80:3 › 4.2 mega menu › opens on hover intent and closes after the pointer leaves
[116/150] [chromium] › tests\e2e\shell.spec.ts:91:3 › 4.2 mega menu › an open panel has a scrim and its featured card uses the right-hand column
[117/150] [chromium] › tests\e2e\shell.spec.ts:105:3 › 4.2 mega menu › Tab out of the nav closes the panel
[118/150] [chromium] › tests\e2e\shell.spec.ts:117:3 › 4.2 mega menu › a link to the current page closes the panel
[119/150] [chromium] › tests\e2e\shell.spec.ts:128:3 › 4.3 contact › the disclosure has the FAQ indicator and the prepared email is a card in the body face
[120/150] [chromium] › tests\e2e\shell.spec.ts:144:3 › 4.3 contact › an office without an address has no empty line
[121/150] [chromium] › tests\e2e\shell.spec.ts:164:5 › 4.4 share images › /en/opengraph-image is a 1200×630 PNG
[122/150] [chromium] › tests\e2e\shell.spec.ts:164:5 › 4.4 share images › /zh-hant/case-studies/omni-channel-retail-intelligence/opengraph-image is a 1200×630 PNG
[123/150] [chromium] › tests\e2e\shell.spec.ts:172:3 › 4.4 share images › an article shares its own image; other pages keep the fallback
[124/150] [chromium] › tests\e2e\shell.spec.ts:179:3 › 4.4 share images › Open Graph names the alternate locales
[125/150] [chromium] › tests\e2e\shell.spec.ts:186:3 › 4.5 hero at 1920 › the headline sits on at most two lines in a copy column at least 640 px wide
[126/150] [chromium] › tests\e2e\site.spec.ts:16:3 › routes, redirects and indexing › key pages render with the right language and canonical
[127/150] [chromium] › tests\e2e\site.spec.ts:28:3 › routes, redirects and indexing › legacy URLs redirect to meaningful destinations without chains
[128/150] [chromium] › tests\e2e\site.spec.ts:49:3 › routes, redirects and indexing › unknown URLs are genuine 404s
[129/150] [chromium] › tests\e2e\site.spec.ts:55:3 › routes, redirects and indexing › review build blocks crawlers; sitemap lists canonical pages
[130/150] [chromium] › tests\e2e\site.spec.ts:65:3 › routes, redirects and indexing › Simplified Chinese pages render converted copy with a zh-Hans hreflang
[131/150] [chromium] › tests\e2e\site.spec.ts:82:3 › no horizontal overflow at 360px
[132/150] [chromium] › tests\e2e\site.spec.ts:82:3 › no horizontal overflow at 390px
[133/150] [chromium] › tests\e2e\site.spec.ts:82:3 › no horizontal overflow at 768px
[134/150] [chromium] › tests\e2e\site.spec.ts:82:3 › no horizontal overflow at 1024px
[135/150] [chromium] › tests\e2e\site.spec.ts:82:3 › no horizontal overflow at 1440px
[136/150] [chromium] › tests\e2e\site.spec.ts:91:3 › navigation › desktop menu opens by keyboard, Escape closes and returns focus
[137/150] [chromium] › tests\e2e\site.spec.ts:104:3 › navigation › all eight pillars are reachable in the mobile drawer
[138/150] [chromium] › tests\e2e\site.spec.ts:120:3 › interactive examples › content example: edits invalidate review, export needs review, reset restores
[139/150] [chromium] › tests\e2e\site.spec.ts:148:3 › interactive examples › follow-up example keeps human-only enquiries away from drafts
[140/150] [chromium] › tests\e2e\site.spec.ts:156:3 › interactive examples › website example holds records with missing required fields
[141/150] [chromium] › tests\e2e\site.spec.ts:166:3 › enquiry journey › context is preserved, validation works, and no false success without a backend
[142/150] [chromium] › tests\e2e\site.spec.ts:184:3 › enquiry journey › API rejects invalid input and never reports acceptance without a delivery backend
[143/150] [chromium] › tests\e2e\site.spec.ts:196:3 › locale continuity and media › language switch keeps the equivalent page and safe context only
[144/150] [chromium] › tests\e2e\site.spec.ts:205:3 › locale continuity and media › no video bytes before intent; captions attached after play
[145/150] [chromium] › tests\e2e\site.spec.ts:219:3 › locale continuity and media › key pages produce no console errors
[146/150] [chromium] › tests\e2e\site.spec.ts:232:3 › locale continuity and media › reduced motion keeps all content visible
[147/150] [chromium] › tests\e2e\site.spec.ts:245:3 › locale continuity and media › homepage hero shows a sample output with its four-step record and a person approving
[148/150] [chromium] › tests\e2e\site.spec.ts:256:3 › locale continuity and media › signature workflow: plays once when visible, pauses, steps by keyboard and shows all four
[149/150] [chromium] › tests\e2e\site.spec.ts:277:3 › locale continuity and media › award styles win the cascade in the production bundle
[150/150] [chromium] › tests\e2e\site.spec.ts:292:3 › locale continuity and media › photographs are labelled as illustrative and described
  1 skipped
  149 passed (3.9m)
